Microchip MPLAB XC8 Compiler V2.05 ()

Linker command line:

-W-3 --edf=C:\Program Files (x86)\Microchip\xc8\v2.05\pic\dat\en_msgs.txt \
  -cs -h+dist/default/production\LAB2.X.production.sym \
  --cmf=dist/default/production\LAB2.X.production.cmf -z -Q18F25K22 \
  -oC:\Users\EE475N~1.000\AppData\Local\Temp\sgrc.2 \
  --defsym=__MPLAB_BUILD=1 -Mdist/default/production/LAB2.X.production.map \
  -E1 -ver=XC8 --acfsm=1493 -ASTACK=060h-05FFh -pstack=STACK \
  -ACODE=00h-07FFFh -ACONST=00h-07FFFh -ASMALLCONST=0600h-06FFhx122 \
  -AMEDIUMCONST=0600h-07FFFh -ACOMRAM=01h-05Fh -AABS1=00h-05FFh \
  -ABIGRAM=01h-05FFh -ARAM=060h-0FFh,0100h-01FFhx5 -ABANK0=060h-0FFh \
  -ABANK1=0100h-01FFh -ABANK2=0200h-02FFh -ABANK3=0300h-03FFh \
  -ABANK4=0400h-04FFh -ABANK5=0500h-05FFh -ASFR=0F38h-0F5Fh,0F60h-0FFFh \
  -preset_vec=00h,intcode=08h,intcodelo,powerup,init -pramtop=0600h \
  -psmallconst=SMALLCONST -pmediumconst=MEDIUMCONST -pconst=CONST \
  -AFARRAM=00h-00h -ACONFIG=0300000h-030000Dh -pconfig=CONFIG \
  -AIDLOC=0200000h-0200007h -pidloc=IDLOC -AEEDATA=0F00000h-0F000FFh \
  -peeprom_data=EEDATA \
  -prdata=COMRAM,nvrram=COMRAM,nvbit=COMRAM,rbss=COMRAM,rbit=COMRAM \
  -pfarbss=FARRAM,fardata=FARRAM,nvFARRAM=FARRAM \
  -pintsave_regs=BIGRAM,bigbss=BIGRAM,bigdata=BIGRAM -pbss=RAM \
  -pidata=CODE,irdata=CODE,ibigdata=CODE,ifardata=CODE -prparam=COMRAM \
  C:\Users\EE475N~1.000\AppData\Local\Temp\sgrc.o \
  dist/default/production\LAB2.X.production.o 

Object code version is 3.11

Machine type is 18F25K22

Call graph: (short form)




                Name                               Link     Load   Length Selector   Space Scale
C:\Users\EE475N~1.000\AppData\Local\Temp\sgrc.o
                init                                 38       38        4        4       0
                reset_vec                             0        0        4        0       0
                idloc                            200000   200000        8   200000       0
                config                           300000   300000        E   300000       0
dist/default/production\LAB2.X.production.o
                intcode                               8        8       30        4       0
                temp                                 47       47        1        1       1
                text14                              570      570        4        4       0
                text13                              528      528       18        4       0
                text12                              478      478       3E        4       0
                text11                               3C       3C      236        4       0
                text9                               568      568        8        4       0
                text8                               34E      34E       9C        4       0
                text7                               434      434       44        4       0
                text6                               3EA      3EA       4A        4       0
                text5                               4B6      4B6       32        4       0
                text4                               560      560        8        4       0
                text3                               552      552        E        4       0
                text2                               4E8      4E8       26        4       0
                text1                               540      540       12        4       0
                text0                               272      272       DC        4       0
                cstackCOMRAM                         28       28       1C        1       1
                bssCOMRAM                             1        1       27        1       1
                cinit                               50E      50E       1A        4       0
                nvCOMRAM                             44       44        3        1       1

TOTAL           Name                               Link     Load   Length     Space
        CLASS   STACK          

        CLASS   CODE           
                intcode                               8        8       30         0
                init                                 38       38        4         0
                reset_vec                             0        0        4         0
                text14                              570      570        4         0
                text13                              528      528       18         0
                text12                              478      478       3E         0
                text11                               3C       3C      236         0
                text9                               568      568        8         0
                text8                               34E      34E       9C         0
                text7                               434      434       44         0
                text6                               3EA      3EA       4A         0
                text5                               4B6      4B6       32         0
                text4                               560      560        8         0
                text3                               552      552        E         0
                text2                               4E8      4E8       26         0
                text1                               540      540       12         0
                text0                               272      272       DC         0
                cinit                               50E      50E       1A         0

        CLASS   CONST          

        CLASS   SMALLCONST     

        CLASS   MEDIUMCONST    

        CLASS   COMRAM         
                temp                                 47       47        1         1
                cstackCOMRAM                         28       28       1C         1
                bssCOMRAM                             1        1       27         1
                nvCOMRAM                             44       44        3         1

        CLASS   ABS1           

        CLASS   BIGRAM         

        CLASS   RAM            

        CLASS   BANK0          

        CLASS   BANK1          

        CLASS   BANK2          

        CLASS   BANK3          

        CLASS   BANK4          

        CLASS   BANK5          

        CLASS   SFR            

        CLASS   FARRAM         

        CLASS   CONFIG         
                config                           300000   300000        E         0

        CLASS   IDLOC          
                idloc                            200000   200000        8         0

        CLASS   EEDATA         



SEGMENTS        Name                           Load    Length   Top    Selector   Space  Class

                reset_vec                      000000  000004  000004         0       0  CODE    
                bssCOMRAM                      000001  000047  000048         1       1  COMRAM  
                intcode                        000008  00056C  000574         4       0  CODE    
                idloc                          200000  000008  200008    200000       0  IDLOC   
                config                         300000  00000E  30000E    300000       0  CONFIG  


UNUSED ADDRESS RANGES

        Name                Unused          Largest block    Delta
        BANK0            000060-0000FF               A0
        BANK1            000100-0001FF              100
        BANK2            000200-0002FF              100
        BANK3            000300-0003FF              100
        BANK4            000400-0004FF              100
        BANK5            000500-0005FF              100
        BIGRAM           000048-0005FF              5B8
        CODE             000004-000007                4
                         000574-007FFF             7A8C
        COMRAM           000048-00005F               18
        CONST            000004-000007                4
                         000574-007FFF             7A8C
        EEDATA           F00000-F000FF              100
        MEDIUMCONST      000600-007FFF             7A00
        RAM              000060-0005FF              100
        SFR              000F38-000FFF               28
        SMALLCONST       000600-007FFF              100
        STACK            000060-0005FF              5A0

                                  Symbol Table

I2C1_ISR@i2c_10bit_address_restart         bssCOMRAM    00000E
I2C1_ISR@i2c_address                       bssCOMRAM    000025
I2C1_ISR@i2c_bytes_left                    bssCOMRAM    00000F
I2C1_ISR@pi2c_buf_ptr                      bssCOMRAM    000008
I2C1_MasterRead@trBlock                    bssCOMRAM    000016
I2C1_MasterTRBInsert@count                 cstackCOMRAM 000034
I2C1_MasterTRBInsert@pflag                 cstackCOMRAM 000031
I2C1_MasterTRBInsert@ptrb_list             cstackCOMRAM 00002F
I2C1_MasterWrite@address                   cstackCOMRAM 00003B
I2C1_MasterWrite@length                    cstackCOMRAM 00003A
I2C1_MasterWrite@pdata                     cstackCOMRAM 000038
I2C1_MasterWrite@pflag                     cstackCOMRAM 00003D
I2C1_MasterWrite@trBlock                   bssCOMRAM    00001B
I2C1_MasterWriteTRBBuild@address           cstackCOMRAM 000034
I2C1_MasterWriteTRBBuild@length            cstackCOMRAM 000033
I2C1_MasterWriteTRBBuild@pdata             cstackCOMRAM 000031
I2C1_MasterWriteTRBBuild@ptrb              cstackCOMRAM 00002F
I2C1_Stop@completion_code                  cstackCOMRAM 00002A
_ANSELA                                    (abs)        000F38
_ANSELB                                    (abs)        000F39
_ANSELC                                    (abs)        000F3A
_I2C1_BusCollisionISR                      text14       000570
_I2C1_FunctionComplete                     text13       000528
_I2C1_ISR                                  text11       00003C
_I2C1_Initialize                           text5        0004B6
_I2C1_MasterTRBInsert                      text8        00034E
_I2C1_MasterWrite                          text6        0003EA
_I2C1_MasterWriteTRBBuild                  text7        000434
_I2C1_Stop                                 text12       000478
_I2C1_WaitForLastPacketToComplete          text9        000568
_INTCON2bits                               (abs)        000FF1
_INTCONbits                                (abs)        000FF2
_INTERRUPT_Initialize                      text4        000560
_INTERRUPT_InterruptManager                intcode      000008
_IPR1bits                                  (abs)        000F9F
_IPR2bits                                  (abs)        000FA2
_LATA                                      (abs)        000F89
_LATB                                      (abs)        000F8A
_LATC                                      (abs)        000F8B
_OSCCON                                    (abs)        000FD3
_OSCCON2                                   (abs)        000FD2
_OSCILLATOR_Initialize                     text3        000552
_OSCTUNE                                   (abs)        000F9B
_PIE1bits                                  (abs)        000F9D
_PIE2bits                                  (abs)        000FA0
_PIN_MANAGER_Initialize                    text2        0004E8
_PIR1bits                                  (abs)        000F9E
_PIR2bits                                  (abs)        000FA1
_RCONbits                                  (abs)        000FD0
_SSP1ADD                                   (abs)        000FC8
_SSP1BUF                                   (abs)        000FC9
_SSP1CON1                                  (abs)        000FC6
_SSP1CON1bits                              (abs)        000FC6
_SSP1CON2bits                              (abs)        000FC5
_SSP1CON3                                  (abs)        000FCB
_SSP1STAT                                  (abs)        000FC7
_SYSTEM_Initialize                         text1        000540
_TRISA                                     (abs)        000F92
_TRISB                                     (abs)        000F93
_TRISC                                     (abs)        000F94
_WPUB                                      (abs)        000F61
__CFG_BOREN$SBORDIS                        (abs)        000000
__CFG_BORV$190                             (abs)        000000
__CFG_CCP2MX$PORTC1                        (abs)        000000
__CFG_CCP3MX$PORTB5                        (abs)        000000
__CFG_CP0$OFF                              (abs)        000000
__CFG_CP1$OFF                              (abs)        000000
__CFG_CP2$OFF                              (abs)        000000
__CFG_CP3$OFF                              (abs)        000000
__CFG_CPB$OFF                              (abs)        000000
__CFG_CPD$OFF                              (abs)        000000
__CFG_DEBUG$OFF                            (abs)        000000
__CFG_EBTR0$OFF                            (abs)        000000
__CFG_EBTR1$OFF                            (abs)        000000
__CFG_EBTR2$OFF                            (abs)        000000
__CFG_EBTR3$OFF                            (abs)        000000
__CFG_EBTRB$OFF                            (abs)        000000
__CFG_FCMEN$OFF                            (abs)        000000
__CFG_FOSC$INTIO67                         (abs)        000000
__CFG_HFOFST$OFF                           (abs)        000000
__CFG_IESO$OFF                             (abs)        000000
__CFG_LVP$OFF                              (abs)        000000
__CFG_MCLRE$EXTMCLR                        (abs)        000000
__CFG_P2BMX$PORTB5                         (abs)        000000
__CFG_PBADEN$OFF                           (abs)        000000
__CFG_PLLCFG$OFF                           (abs)        000000
__CFG_PRICLKEN$OFF                         (abs)        000000
__CFG_PWRTEN$OFF                           (abs)        000000
__CFG_STVREN$ON                            (abs)        000000
__CFG_T3CMX$PORTC0                         (abs)        000000
__CFG_WDTEN$OFF                            (abs)        000000
__CFG_WDTPS$32768                          (abs)        000000
__CFG_WRT0$OFF                             (abs)        000000
__CFG_WRT1$OFF                             (abs)        000000
__CFG_WRT2$OFF                             (abs)        000000
__CFG_WRT3$OFF                             (abs)        000000
__CFG_WRTB$OFF                             (abs)        000000
__CFG_WRTC$OFF                             (abs)        000000
__CFG_WRTD$OFF                             (abs)        000000
__CFG_XINST$OFF                            (abs)        000000
__HRAM                                     (abs)        000000
__Habs1                                    abs1         000000
__Hbank0                                   bank0        000000
__Hbank1                                   bank1        000000
__Hbank2                                   bank2        000000
__Hbank3                                   bank3        000000
__Hbank4                                   bank4        000000
__Hbank5                                   bank5        000000
__Hbigbss                                  bigbss       000000
__Hbigdata                                 bigdata      000000
__Hbigram                                  bigram       000000
__Hbss                                     bss          000000
__HbssCOMRAM                               bssCOMRAM    000000
__Hcinit                                   cinit        000000
__Hclrtext                                 clrtext      000000
__Hcomram                                  comram       000000
__Hconfig                                  config       30000E
__Hconst                                   const        000000
__HcstackCOMRAM                            cstackCOMRAM 000000
__Hdata                                    data         000000
__Heeprom_data                             eeprom_data  000000
__Hfarbss                                  farbss       000000
__Hfardata                                 fardata      000000
__Hibigdata                                ibigdata     000000
__Hidata                                   idata        000000
__Hidloc                                   idloc        200008
__Hifardata                                ifardata     000000
__Hinit                                    init         00003C
__Hintcode                                 intcode      000038
__Hintcode_body                            intcode_body 000000
__Hintcodelo                               intcodelo    000038
__Hintentry                                intentry     000000
__Hintret                                  intret       000000
__Hintsave_regs                            intsave_regs 000000
__Hirdata                                  irdata       000000
__Hmediumconst                             mediumconst  000000
__HnvCOMRAM                                nvCOMRAM     000000
__HnvFARRAM                                nvFARRAM     000000
__Hnvbit                                   nvbit        000000
__Hnvrram                                  nvrram       000000
__Hparam                                   rparam       000000
__Hpowerup                                 powerup      000038
__Hram                                     ram          000000
__Hramtop                                  ramtop       000600
__Hrbit                                    rbit         000000
__Hrbss                                    rbss         000000
__Hrdata                                   rdata        000000
__Hreset_vec                               reset_vec    000004
__Hrparam                                  rparam       000000
__Hsfr                                     sfr          000000
__Hsmallconst                              smallconst   000000
__Hspace_0                                 (abs)        30000E
__Hspace_1                                 (abs)        000048
__Hspace_2                                 (abs)        000000
__Hstack                                   stack        000000
__Hstruct                                  struct       000000
__Htemp                                    temp         000048
__Htext                                    text         000000
__Htext0                                   text0        000000
__Htext1                                   text1        000000
__Htext11                                  text11       000000
__Htext12                                  text12       000000
__Htext13                                  text13       000000
__Htext14                                  text14       000000
__Htext2                                   text2        000000
__Htext3                                   text3        000000
__Htext4                                   text4        000000
__Htext5                                   text5        000000
__Htext6                                   text6        000000
__Htext7                                   text7        000000
__Htext8                                   text8        000000
__Htext9                                   text9        000000
__LRAM                                     (abs)        000001
__Labs1                                    abs1         000000
__Lbank0                                   bank0        000000
__Lbank1                                   bank1        000000
__Lbank2                                   bank2        000000
__Lbank3                                   bank3        000000
__Lbank4                                   bank4        000000
__Lbank5                                   bank5        000000
__Lbigbss                                  bigbss       000000
__Lbigdata                                 bigdata      000000
__Lbigram                                  bigram       000000
__Lbss                                     bss          000000
__LbssCOMRAM                               bssCOMRAM    000000
__Lcinit                                   cinit        000000
__Lclrtext                                 clrtext      000000
__Lcomram                                  comram       000000
__Lconfig                                  config       300000
__Lconst                                   const        000000
__LcstackCOMRAM                            cstackCOMRAM 000000
__Ldata                                    data         000000
__Leeprom_data                             eeprom_data  000000
__Lfarbss                                  farbss       000000
__Lfardata                                 fardata      000000
__Libigdata                                ibigdata     000000
__Lidata                                   idata        000000
__Lidloc                                   idloc        200000
__Lifardata                                ifardata     000000
__Linit                                    init         000038
__Lintcode                                 intcode      000008
__Lintcode_body                            intcode_body 000000
__Lintcodelo                               intcodelo    000038
__Lintentry                                intentry     000000
__Lintret                                  intret       000000
__Lintsave_regs                            intsave_regs 000000
__Lirdata                                  irdata       000000
__Lmediumconst                             mediumconst  000000
__LnvCOMRAM                                nvCOMRAM     000000
__LnvFARRAM                                nvFARRAM     000000
__Lnvbit                                   nvbit        000000
__Lnvrram                                  nvrram       000000
__Lparam                                   rparam       000000
__Lpowerup                                 powerup      000038
__Lram                                     ram          000000
__Lramtop                                  ramtop       000600
__Lrbit                                    rbit         000000
__Lrbss                                    rbss         000000
__Lrdata                                   rdata        000000
__Lreset_vec                               reset_vec    000000
__Lrparam                                  rparam       000000
__Lsfr                                     sfr          000000
__Lsmallconst                              smallconst   000000
__Lspace_0                                 (abs)        000000
__Lspace_1                                 (abs)        000000
__Lspace_2                                 (abs)        000000
__Lstack                                   stack        000000
__Lstruct                                  struct       000000
__Ltemp                                    temp         000047
__Ltext                                    text         000000
__Ltext0                                   text0        000000
__Ltext1                                   text1        000000
__Ltext11                                  text11       000000
__Ltext12                                  text12       000000
__Ltext13                                  text13       000000
__Ltext14                                  text14       000000
__Ltext2                                   text2        000000
__Ltext3                                   text3        000000
__Ltext4                                   text4        000000
__Ltext5                                   text5        000000
__Ltext6                                   text6        000000
__Ltext7                                   text7        000000
__Ltext8                                   text8        000000
__Ltext9                                   text9        000000
__S0                                       (abs)        30000E
__S1                                       (abs)        000048
__S2                                       (abs)        000000
___inthi_sp                                stack        000000
___intlo_sp                                stack        000000
___param_bank                              (abs)        000000
___rparam_used                             (abs)        000001
___sp                                      stack        000000
__accesstop                                (abs)        000060
__activetblptr                             (abs)        000002
__end_of_I2C1_BusCollisionISR              text14       000574
__end_of_I2C1_FunctionComplete             text13       000540
__end_of_I2C1_ISR                          text11       000272
__end_of_I2C1_Initialize                   text5        0004E8
__end_of_I2C1_MasterTRBInsert              text8        0003EA
__end_of_I2C1_MasterWrite                  text6        000434
__end_of_I2C1_MasterWriteTRBBuild          text7        000478
__end_of_I2C1_Stop                         text12       0004B6
__end_of_I2C1_WaitForLastPacketToComplete  text9        000570
__end_of_INTERRUPT_Initialize              text4        000568
__end_of_INTERRUPT_InterruptManager        intcode      000038
__end_of_OSCILLATOR_Initialize             text3        000560
__end_of_PIN_MANAGER_Initialize            text2        00050E
__end_of_SYSTEM_Initialize                 text1        000552
__end_of__initialization                   cinit        00051A
__end_of_main                              text0        00034E
__initialization                           cinit        00050E
__mediumconst                              mediumconst  000000
__pbssCOMRAM                               bssCOMRAM    000001
__pcinit                                   cinit        00050E
__pcstackCOMRAM                            cstackCOMRAM 000028
__pintcode                                 intcode      000008
__pnvCOMRAM                                nvCOMRAM     000044
__ptext0                                   text0        000272
__ptext1                                   text1        000540
__ptext11                                  text11       00003C
__ptext12                                  text12       000478
__ptext13                                  text13       000528
__ptext14                                  text14       000570
__ptext2                                   text2        0004E8
__ptext3                                   text3        000552
__ptext4                                   text4        000560
__ptext5                                   text5        0004B6
__ptext6                                   text6        0003EA
__ptext7                                   text7        000434
__ptext8                                   text8        00034E
__ptext9                                   text9        000568
__ramtop                                   ramtop       000600
__size_of_I2C1_BusCollisionISR             (abs)        000000
__size_of_I2C1_FunctionComplete            (abs)        000000
__size_of_I2C1_ISR                         (abs)        000000
__size_of_I2C1_Initialize                  (abs)        000000
__size_of_I2C1_MasterTRBInsert             (abs)        000000
__size_of_I2C1_MasterWrite                 (abs)        000000
__size_of_I2C1_MasterWriteTRBBuild         (abs)        000000
__size_of_I2C1_Stop                        (abs)        000000
__size_of_I2C1_WaitForLastPacketToComplete (abs)        000000
__size_of_INTERRUPT_Initialize             (abs)        000000
__size_of_INTERRUPT_InterruptManager       (abs)        000000
__size_of_OSCILLATOR_Initialize            (abs)        000000
__size_of_PIN_MANAGER_Initialize           (abs)        000000
__size_of_SYSTEM_Initialize                (abs)        000000
__size_of_main                             (abs)        000000
__smallconst                               smallconst   000000
_h                                         nvCOMRAM     000046
_i2c1_object                               bssCOMRAM    000001
_i2c1_state                                bssCOMRAM    000011
_i2c1_tr_queue                             bssCOMRAM    000020
_i2c1_trb_count                            bssCOMRAM    000010
_k                                         bssCOMRAM    000013
_length                                    nvCOMRAM     000044
_main                                      text0        000272
_p_i2c1_current                            bssCOMRAM    00000A
_p_i2c1_trb_current                        bssCOMRAM    00000C
_s                                         bssCOMRAM    000014
_second                                    bssCOMRAM    000015
_u                                         nvCOMRAM     000045
_w_status                                  bssCOMRAM    000027
_y                                         bssCOMRAM    000012
btemp                                      temp         000047
end_of_initialization                      cinit        00051A
int$flags                                  temp         000047
intlevel0                                  text         000000
intlevel1                                  text         000000
intlevel2                                  text         000000
intlevel3                                  text         000000
main@count                                 cstackCOMRAM 00003F
main@i                                     cstackCOMRAM 000040
main@i_120                                 cstackCOMRAM 000042
stackhi                                    (abs)        0005FF
stacklo                                    (abs)        000060
start                                      init         000038
start_initialization                       cinit        00050E
ttemp5                                     temp         000048
ttemp6                                     temp         00004B
ttemp7                                     temp         00004F
wtemp8                                     temp         000048


FUNCTION INFORMATION:

 *************** function _main *****************
 Defined at:
		line 62 in file "main.c"
 Parameters:    Size  Location     Type
		None
 Auto vars:     Size  Location     Type
  i               2   26[COMRAM] volatile int 
  i               2   24[COMRAM] volatile int 
  count           1   23[COMRAM] unsigned char 
 Return value:  Size  Location     Type
                  1    wreg      void 
 Registers used:
		wreg, fsr2l, fsr2h, status,2, status,0, cstack
 Tracked objects:
		On entry : 
		On exit  : 
		Unchanged: 
 Data sizes:     COMRAM   BANK0   BANK1   BANK2   BANK3   BANK4   BANK5
      Params:         0       0       0       0       0       0       0
      Locals:         5       0       0       0       0       0       0
      Temps:          0       0       0       0       0       0       0
      Totals:         5       0       0       0       0       0       0
Total ram usage:        5 bytes
 Hardware stack levels required when called:    6
 This function calls:
		_I2C1_MasterWrite
		_SYSTEM_Initialize
 This function is called by:
		Startup code after reset
 This function uses a non-reentrant model


 *************** function _SYSTEM_Initialize *****************
 Defined at:
		line 50 in file "mcc_generated_files/mcc.c"
 Parameters:    Size  Location     Type
		None
 Auto vars:     Size  Location     Type
		None
 Return value:  Size  Location     Type
                  1    wreg      void 
 Registers used:
		wreg, status,2, status,0, cstack
 Tracked objects:
		On entry : 
		On exit  : 
		Unchanged: 
 Data sizes:     COMRAM   BANK0   BANK1   BANK2   BANK3   BANK4   BANK5
      Params:         0       0       0       0       0       0       0
      Locals:         0       0       0       0       0       0       0
      Temps:          0       0       0       0       0       0       0
      Totals:         0       0       0       0       0       0       0
Total ram usage:        0 bytes
 Hardware stack levels used:    1
 Hardware stack levels required when called:    4
 This function calls:
		_I2C1_Initialize
		_INTERRUPT_Initialize
		_OSCILLATOR_Initialize
		_PIN_MANAGER_Initialize
 This function is called by:
		_main
 This function uses a non-reentrant model


 *************** function _PIN_MANAGER_Initialize *****************
 Defined at:
		line 55 in file "mcc_generated_files/pin_manager.c"
 Parameters:    Size  Location     Type
		None
 Auto vars:     Size  Location     Type
		None
 Return value:  Size  Location     Type
                  1    wreg      void 
 Registers used:
		wreg, status,2
 Tracked objects:
		On entry : 
		On exit  : 
		Unchanged: 
 Data sizes:     COMRAM   BANK0   BANK1   BANK2   BANK3   BANK4   BANK5
      Params:         0       0       0       0       0       0       0
      Locals:         0       0       0       0       0       0       0
      Temps:          0       0       0       0       0       0       0
      Totals:         0       0       0       0       0       0       0
Total ram usage:        0 bytes
 Hardware stack levels used:    1
 Hardware stack levels required when called:    3
 This function calls:
		Nothing
 This function is called by:
		_SYSTEM_Initialize
 This function uses a non-reentrant model


 *************** function _OSCILLATOR_Initialize *****************
 Defined at:
		line 59 in file "mcc_generated_files/mcc.c"
 Parameters:    Size  Location     Type
		None
 Auto vars:     Size  Location     Type
		None
 Return value:  Size  Location     Type
                  1    wreg      void 
 Registers used:
		wreg, status,2
 Tracked objects:
		On entry : 
		On exit  : 
		Unchanged: 
 Data sizes:     COMRAM   BANK0   BANK1   BANK2   BANK3   BANK4   BANK5
      Params:         0       0       0       0       0       0       0
      Locals:         0       0       0       0       0       0       0
      Temps:          0       0       0       0       0       0       0
      Totals:         0       0       0       0       0       0       0
Total ram usage:        0 bytes
 Hardware stack levels used:    1
 Hardware stack levels required when called:    3
 This function calls:
		Nothing
 This function is called by:
		_SYSTEM_Initialize
 This function uses a non-reentrant model


 *************** function _INTERRUPT_Initialize *****************
 Defined at:
		line 52 in file "mcc_generated_files/interrupt_manager.c"
 Parameters:    Size  Location     Type
		None
 Auto vars:     Size  Location     Type
		None
 Return value:  Size  Location     Type
                  1    wreg      void 
 Registers used:
		None
 Tracked objects:
		On entry : 
		On exit  : 
		Unchanged: 
 Data sizes:     COMRAM   BANK0   BANK1   BANK2   BANK3   BANK4   BANK5
      Params:         0       0       0       0       0       0       0
      Locals:         0       0       0       0       0       0       0
      Temps:          0       0       0       0       0       0       0
      Totals:         0       0       0       0       0       0       0
Total ram usage:        0 bytes
 Hardware stack levels used:    1
 Hardware stack levels required when called:    3
 This function calls:
		Nothing
 This function is called by:
		_SYSTEM_Initialize
 This function uses a non-reentrant model


 *************** function _I2C1_Initialize *****************
 Defined at:
		line 198 in file "mcc_generated_files/i2c1.c"
 Parameters:    Size  Location     Type
		None
 Auto vars:     Size  Location     Type
		None
 Return value:  Size  Location     Type
                  1    wreg      void 
 Registers used:
		wreg, status,2, status,0
 Tracked objects:
		On entry : 
		On exit  : 
		Unchanged: 
 Data sizes:     COMRAM   BANK0   BANK1   BANK2   BANK3   BANK4   BANK5
      Params:         0       0       0       0       0       0       0
      Locals:         0       0       0       0       0       0       0
      Temps:          0       0       0       0       0       0       0
      Totals:         0       0       0       0       0       0       0
Total ram usage:        0 bytes
 Hardware stack levels used:    1
 Hardware stack levels required when called:    3
 This function calls:
		Nothing
 This function is called by:
		_SYSTEM_Initialize
 This function uses a non-reentrant model


 *************** function _I2C1_MasterWrite *****************
 Defined at:
		line 600 in file "mcc_generated_files/i2c1.c"
 Parameters:    Size  Location     Type
  pdata           2   16[COMRAM] PTR unsigned char 
		 -> u(1), h(1), 
  length          1   18[COMRAM] unsigned char 
  address         2   19[COMRAM] unsigned short 
  pflag           2   21[COMRAM] PTR enum E5734
		 -> w_status(1), 
 Auto vars:     Size  Location     Type
		None
 Return value:  Size  Location     Type
                  1    wreg      void 
 Registers used:
		wreg, fsr2l, fsr2h, status,2, status,0, cstack
 Tracked objects:
		On entry : 
		On exit  : 
		Unchanged: 
 Data sizes:     COMRAM   BANK0   BANK1   BANK2   BANK3   BANK4   BANK5
      Params:         7       0       0       0       0       0       0
      Locals:         0       0       0       0       0       0       0
      Temps:          0       0       0       0       0       0       0
      Totals:         7       0       0       0       0       0       0
Total ram usage:        7 bytes
 Hardware stack levels used:    1
 Hardware stack levels required when called:    5
 This function calls:
		_I2C1_MasterTRBInsert
		_I2C1_MasterWriteTRBBuild
 This function is called by:
		_main
 This function uses a non-reentrant model


 *************** function _I2C1_MasterWriteTRBBuild *****************
 Defined at:
		line 721 in file "mcc_generated_files/i2c1.c"
 Parameters:    Size  Location     Type
  ptrb            2    7[COMRAM] PTR struct .
		 -> I2C1_MasterWrite@trBlock(5), 
  pdata           2    9[COMRAM] PTR unsigned char 
		 -> u(1), h(1), 
  length          1   11[COMRAM] unsigned char 
  address         2   12[COMRAM] unsigned short 
 Auto vars:     Size  Location     Type
		None
 Return value:  Size  Location     Type
                  1    wreg      void 
 Registers used:
		wreg, fsr2l, fsr2h, status,2, status,0
 Tracked objects:
		On entry : 
		On exit  : 
		Unchanged: 
 Data sizes:     COMRAM   BANK0   BANK1   BANK2   BANK3   BANK4   BANK5
      Params:         7       0       0       0       0       0       0
      Locals:         0       0       0       0       0       0       0
      Temps:          2       0       0       0       0       0       0
      Totals:         9       0       0       0       0       0       0
Total ram usage:        9 bytes
 Hardware stack levels used:    1
 Hardware stack levels required when called:    3
 This function calls:
		Nothing
 This function is called by:
		_I2C1_MasterWrite
 This function uses a non-reentrant model


 *************** function _I2C1_MasterTRBInsert *****************
 Defined at:
		line 654 in file "mcc_generated_files/i2c1.c"
 Parameters:    Size  Location     Type
  count           1    wreg     unsigned char 
  ptrb_list       2    7[COMRAM] PTR struct .
		 -> I2C1_MasterRead@trBlock(5), I2C1_MasterWrite@trBlock(5), 
  pflag           2    9[COMRAM] PTR enum E5734
		 -> w_status(1), 
 Auto vars:     Size  Location     Type
  count           1   12[COMRAM] unsigned char 
 Return value:  Size  Location     Type
                  1    wreg      void 
 Registers used:
		wreg, fsr2l, fsr2h, status,2, status,0, cstack
 Tracked objects:
		On entry : 
		On exit  : 
		Unchanged: 
 Data sizes:     COMRAM   BANK0   BANK1   BANK2   BANK3   BANK4   BANK5
      Params:         4       0       0       0       0       0       0
      Locals:         1       0       0       0       0       0       0
      Temps:          1       0       0       0       0       0       0
      Totals:         6       0       0       0       0       0       0
Total ram usage:        6 bytes
 Hardware stack levels used:    1
 Hardware stack levels required when called:    4
 This function calls:
		_I2C1_WaitForLastPacketToComplete
 This function is called by:
		_I2C1_MasterWrite
		_I2C1_MasterRead
 This function uses a non-reentrant model


 *************** function _I2C1_WaitForLastPacketToComplete *****************
 Defined at:
		line 644 in file "mcc_generated_files/i2c1.c"
 Parameters:    Size  Location     Type
		None
 Auto vars:     Size  Location     Type
		None
 Return value:  Size  Location     Type
                  1    wreg      void 
 Registers used:
		wreg, status,2
 Tracked objects:
		On entry : 
		On exit  : 
		Unchanged: 
 Data sizes:     COMRAM   BANK0   BANK1   BANK2   BANK3   BANK4   BANK5
      Params:         0       0       0       0       0       0       0
      Locals:         0       0       0       0       0       0       0
      Temps:          0       0       0       0       0       0       0
      Totals:         0       0       0       0       0       0       0
Total ram usage:        0 bytes
 Hardware stack levels used:    1
 Hardware stack levels required when called:    3
 This function calls:
		Nothing
 This function is called by:
		_I2C1_MasterTRBInsert
 This function uses a non-reentrant model


 *************** function _INTERRUPT_InterruptManager *****************
 Defined at:
		line 66 in file "mcc_generated_files/interrupt_manager.c"
 Parameters:    Size  Location     Type
		None
 Auto vars:     Size  Location     Type
		None
 Return value:  Size  Location     Type
                  1    wreg      void 
 Registers used:
		wreg, fsr2l, fsr2h, status,2, status,0, cstack
 Tracked objects:
		On entry : 
		On exit  : 
		Unchanged: 
 Data sizes:     COMRAM   BANK0   BANK1   BANK2   BANK3   BANK4   BANK5
      Params:         0       0       0       0       0       0       0
      Locals:         0       0       0       0       0       0       0
      Temps:          2       0       0       0       0       0       0
      Totals:         2       0       0       0       0       0       0
Total ram usage:        2 bytes
 Hardware stack levels used:    1
 Hardware stack levels required when called:    2
 This function calls:
		_I2C1_BusCollisionISR
		_I2C1_ISR
 This function is called by:
		Interrupt level 2
 This function uses a non-reentrant model


 *************** function _I2C1_ISR *****************
 Defined at:
		line 235 in file "mcc_generated_files/i2c1.c"
 Parameters:    Size  Location     Type
		None
 Auto vars:     Size  Location     Type
		None
 Return value:  Size  Location     Type
                  1    wreg      void 
 Registers used:
		wreg, fsr2l, fsr2h, status,2, status,0, cstack
 Tracked objects:
		On entry : 
		On exit  : 
		Unchanged: 
 Data sizes:     COMRAM   BANK0   BANK1   BANK2   BANK3   BANK4   BANK5
      Params:         0       0       0       0       0       0       0
      Locals:         0       0       0       0       0       0       0
      Temps:          2       0       0       0       0       0       0
      Totals:         2       0       0       0       0       0       0
Total ram usage:        2 bytes
 Hardware stack levels used:    1
 Hardware stack levels required when called:    1
 This function calls:
		_I2C1_FunctionComplete
		_I2C1_Stop
 This function is called by:
		_INTERRUPT_InterruptManager
 This function uses a non-reentrant model


 *************** function _I2C1_Stop *****************
 Defined at:
		line 583 in file "mcc_generated_files/i2c1.c"
 Parameters:    Size  Location     Type
  completion_c    1    wreg     enum E5734
 Auto vars:     Size  Location     Type
  completion_c    1    2[COMRAM] enum E5734
 Return value:  Size  Location     Type
                  1    wreg      void 
 Registers used:
		wreg, fsr2l, fsr2h, status,2, status,0
 Tracked objects:
		On entry : 
		On exit  : 
		Unchanged: 
 Data sizes:     COMRAM   BANK0   BANK1   BANK2   BANK3   BANK4   BANK5
      Params:         0       0       0       0       0       0       0
      Locals:         1       0       0       0       0       0       0
      Temps:          2       0       0       0       0       0       0
      Totals:         3       0       0       0       0       0       0
Total ram usage:        3 bytes
 Hardware stack levels used:    1
 This function calls:
		Nothing
 This function is called by:
		_I2C1_ISR
 This function uses a non-reentrant model


 *************** function _I2C1_FunctionComplete *****************
 Defined at:
		line 565 in file "mcc_generated_files/i2c1.c"
 Parameters:    Size  Location     Type
		None
 Auto vars:     Size  Location     Type
		None
 Return value:  Size  Location     Type
                  1    wreg      void 
 Registers used:
		wreg, status,2, status,0
 Tracked objects:
		On entry : 
		On exit  : 
		Unchanged: 
 Data sizes:     COMRAM   BANK0   BANK1   BANK2   BANK3   BANK4   BANK5
      Params:         0       0       0       0       0       0       0
      Locals:         0       0       0       0       0       0       0
      Temps:          0       0       0       0       0       0       0
      Totals:         0       0       0       0       0       0       0
Total ram usage:        0 bytes
 Hardware stack levels used:    1
 This function calls:
		Nothing
 This function is called by:
		_I2C1_ISR
 This function uses a non-reentrant model


 *************** function _I2C1_BusCollisionISR *****************
 Defined at:
		line 742 in file "mcc_generated_files/i2c1.c"
 Parameters:    Size  Location     Type
		None
 Auto vars:     Size  Location     Type
		None
 Return value:  Size  Location     Type
                  1    wreg      void 
 Registers used:
		None
 Tracked objects:
		On entry : 
		On exit  : 
		Unchanged: 
 Data sizes:     COMRAM   BANK0   BANK1   BANK2   BANK3   BANK4   BANK5
      Params:         0       0       0       0       0       0       0
      Locals:         0       0       0       0       0       0       0
      Temps:          0       0       0       0       0       0       0
      Totals:         0       0       0       0       0       0       0
Total ram usage:        0 bytes
 Hardware stack levels used:    1
 This function calls:
		Nothing
 This function is called by:
		_INTERRUPT_InterruptManager
 This function uses a non-reentrant model



MODULE INFORMATION

Module		Function		Class		Link	Load	Size
mcc_generated_files/interrupt_manager.c
		_INTERRUPT_Initialize		CODE           	0560	0000	9
		_INTERRUPT_InterruptManager		CODE           	0008	0000	49

mcc_generated_files/interrupt_manager.c estimated size: 58

mcc_generated_files/i2c1.c
		_I2C1_BusCollisionISR		CODE           	0570	0000	5
		_I2C1_FunctionComplete		CODE           	0528	0000	25
		_I2C1_MasterWriteTRBBuild		CODE           	0434	0000	69
		_I2C1_ISR      		CODE           	003C	0000	567
		_I2C1_MasterWrite		CODE           	03EA	0000	75
		_I2C1_Initialize		CODE           	04B6	0000	51
		_I2C1_Stop     		CODE           	0478	0000	63
		_I2C1_WaitForLastPacketToComplete		CODE           	0568	0000	9
		_I2C1_MasterTRBInsert		CODE           	034E	0000	157

mcc_generated_files/i2c1.c estimated size: 1021

mcc_generated_files/pin_manager.c
		_PIN_MANAGER_Initialize		CODE           	04E8	0000	39

mcc_generated_files/pin_manager.c estimated size: 39

shared
		__initialization		CODE           	050E	0000	13

shared estimated size: 13

mcc_generated_files/mcc.c
		_OSCILLATOR_Initialize		CODE           	0552	0000	15
		_SYSTEM_Initialize		CODE           	0540	0000	19

mcc_generated_files/mcc.c estimated size: 34

main.c
		_main          		CODE           	0272	0000	221

main.c estimated size: 221

