Microchip MPLAB XC8 Compiler V2.05 ()

Linker command line:

-W-3 --edf=C:\Program Files (x86)\Microchip\xc8\v2.05\pic\dat\en_msgs.txt \
  -cs -h+dist/default/debug\gg1.X.debug.sym \
  --cmf=dist/default/debug\gg1.X.debug.cmf -z -Q18F25K22 \
  -oC:\Users\EE475N~1.000\AppData\Local\Temp\s1go.2 \
  --defsym=__MPLAB_BUILD=1 -Mdist/default/debug/gg1.X.debug.map -E1 \
  -ver=XC8 --acfsm=1493 -ASTACK=01ACh-05FFh -pstack=STACK -ACODE=00h-07FFFh \
  -ACONST=00h-07FFFh -ASMALLCONST=0600h-06FFhx122 \
  -AMEDIUMCONST=0600h-07FFFh -ACOMRAM=01h-05Fh -AABS1=00h-05FFh \
  -ABIGRAM=01h-05FFh -ARAM=060h-0FFh,0100h-01FFhx5 -ABANK0=060h-0FFh \
  -ABANK1=0100h-01FFh -ABANK2=0200h-02FFh -ABANK3=0300h-03FFh \
  -ABANK4=0400h-04FFh -ABANK5=0500h-05FFh -ASFR=0F38h-0F5Fh,0F60h-0FFFh \
  -preset_vec=00h,intcode=08h,intcodelo,powerup,init -pramtop=0600h \
  -psmallconst=SMALLCONST -pmediumconst=MEDIUMCONST -pconst=CONST \
  -AFARRAM=00h-00h -ACONFIG=0300000h-030000Dh -pconfig=CONFIG \
  -AIDLOC=0200000h-0200007h -pidloc=IDLOC -AEEDATA=0F00000h-0F000FFh \
  -peeprom_data=EEDATA \
  -prdata=COMRAM,nvrram=COMRAM,nvbit=COMRAM,rbss=COMRAM,rbit=COMRAM \
  -pfarbss=FARRAM,fardata=FARRAM,nvFARRAM=FARRAM \
  -pintsave_regs=BIGRAM,bigbss=BIGRAM,bigdata=BIGRAM -pbss=RAM \
  -pidata=CODE,irdata=CODE,ibigdata=CODE,ifardata=CODE -prparam=COMRAM \
  C:\Users\EE475N~1.000\AppData\Local\Temp\s1go.o \
  dist/default/debug\gg1.X.debug.o 

Object code version is 3.11

Machine type is 18F25K22

Call graph: (short form)




                Name                               Link     Load   Length Selector   Space Scale
C:\Users\EE475N~1.000\AppData\Local\Temp\s1go.o
                init                                 38       38        4        4       0
                reset_vec                             0        0        4        0       0
                idloc                            200000   200000        8   200000       0
                config                           300000   300000        E   300000       0
dist/default/debug\gg1.X.debug.o
                intcode                               8        8       30        4       0
                temp                                 57       57        1        1       1
                mediumconst                        7D06     7D06      2FA     3E83       0
                text54                             33EE     33EE        4        4       0
                text53                             334E     334E       1A        4       0
                text52                             318A     318A       40        4       0
                text51                             1DE8     1DE8      24C        4       0
                text49                             337E     337E       16        4       0
                text48                             33AE     33AE        C        4       0
                text47                             2F8C     2F8C       50        4       0
                text46                             33E2     33E2        8        4       0
                text45                             2B8E     2B8E       9E        4       0
                text44                             3074     3074       4C        4       0
                text43                             3106     3106       44        4       0
                text42                             3028     3028       4C        4       0
                text41                             33D8     33D8        A        4       0
                text40                             33CE     33CE        A        4       0
                text39                             33C4     33C4        A        4       0
                text38                             314A     314A       40        4       0
                text37                             3202     3202       34        4       0
                text36                             33EA     33EA        4        4       0
                text35                             3394     3394        E        4       0
                text34                             32F8     32F8       2C        4       0
                text33                             3368     3368       16        4       0
                text32                             33A2     33A2        C        4       0
                text31                             2F3A     2F3A       52        4       0
                text30                             258A     258A      148        4       0
                text29                             26D2     26D2      124        4       0
                text28                             3268     3268       32        4       0
                text27                             33BA     33BA        A        4       0
                text26                             2AEE     2AEE       A0        4       0
                text25                             31CA     31CA       38        4       0
                text24                             3324     3324       2A        4       0
                text23                             2C2C     2C2C       96        4       0
                text22                             2034     2034      242        4       0
                text21                             2D4C     2D4C       84        4       0
                text20                             2DD0     2DD0       70        4       0
                text19                             1B60     1B60      288        4       0
                text18                             2CC2     2CC2       8A        4       0
                text17                             27F6     27F6       D0        4       0
                text16                             1502     1502      352        4       0
                text15                             32CA     32CA       2E        4       0
                text14                             1854     1854      30C        4       0
                text13                             30C0     30C0       46        4       0
                text12                             2992     2992       BA        4       0
                text11                             28C6     28C6       CC        4       0
                text10                             2276     2276      1B6        4       0
                text9                              2EE8     2EE8       52        4       0
                text8                              329A     329A       30        4       0
                text7                              2FDC     2FDC       4C        4       0
                text6                                3C       3C      97E        4       0
                text5                              2A4C     2A4C       A2        4       0
                text4                              1198     1198      36A        4       0
                text3                              2E40     2E40       56        4       0
                text2                              2E96     2E96       52        4       0
                text1                              242C     242C      15E        4       0
                text0                               9BA      9BA      7DE        4       0
                cstackCOMRAM                          1        1       4E        1       1
                cstackBANK0                          60       60       6A       60       1
                cstackBANK1                         15C      15C       50      100       1
                bssBANK1                            100      100       5C      100       1
                bssBANK0                             CA       CA       2B       60       1
                bssCOMRAM                            4F       4F        8        1       1
                cinit                              3236     3236       32        4       0
                nvBANK0                              F5       F5        6       60       1

TOTAL           Name                               Link     Load   Length     Space
        CLASS   STACK          

        CLASS   CODE           
                intcode                               8        8       30         0
                init                                 38       38        4         0
                reset_vec                             0        0        4         0
                text54                             33EE     33EE        4         0
                text53                             334E     334E       1A         0
                text52                             318A     318A       40         0
                text51                             1DE8     1DE8      24C         0
                text49                             337E     337E       16         0
                text48                             33AE     33AE        C         0
                text47                             2F8C     2F8C       50         0
                text46                             33E2     33E2        8         0
                text45                             2B8E     2B8E       9E         0
                text44                             3074     3074       4C         0
                text43                             3106     3106       44         0
                text42                             3028     3028       4C         0
                text41                             33D8     33D8        A         0
                text40                             33CE     33CE        A         0
                text39                             33C4     33C4        A         0
                text38                             314A     314A       40         0
                text37                             3202     3202       34         0
                text36                             33EA     33EA        4         0
                text35                             3394     3394        E         0
                text34                             32F8     32F8       2C         0
                text33                             3368     3368       16         0
                text32                             33A2     33A2        C         0
                text31                             2F3A     2F3A       52         0
                text30                             258A     258A      148         0
                text29                             26D2     26D2      124         0
                text28                             3268     3268       32         0
                text27                             33BA     33BA        A         0
                text26                             2AEE     2AEE       A0         0
                text25                             31CA     31CA       38         0
                text24                             3324     3324       2A         0
                text23                             2C2C     2C2C       96         0
                text22                             2034     2034      242         0
                text21                             2D4C     2D4C       84         0
                text20                             2DD0     2DD0       70         0
                text19                             1B60     1B60      288         0
                text18                             2CC2     2CC2       8A         0
                text17                             27F6     27F6       D0         0
                text16                             1502     1502      352         0
                text15                             32CA     32CA       2E         0
                text14                             1854     1854      30C         0
                text13                             30C0     30C0       46         0
                text12                             2992     2992       BA         0
                text11                             28C6     28C6       CC         0
                text10                             2276     2276      1B6         0
                text9                              2EE8     2EE8       52         0
                text8                              329A     329A       30         0
                text7                              2FDC     2FDC       4C         0
                text6                                3C       3C      97E         0
                text5                              2A4C     2A4C       A2         0
                text4                              1198     1198      36A         0
                text3                              2E40     2E40       56         0
                text2                              2E96     2E96       52         0
                text1                              242C     242C      15E         0
                text0                               9BA      9BA      7DE         0
                cinit                              3236     3236       32         0

        CLASS   CONST          

        CLASS   SMALLCONST     

        CLASS   MEDIUMCONST    
                mediumconst                        7D06     7D06      2FA         0

        CLASS   COMRAM         
                temp                                 57       57        1         1
                cstackCOMRAM                          1        1       4E         1
                bssCOMRAM                            4F       4F        8         1

        CLASS   ABS1           

        CLASS   BIGRAM         

        CLASS   RAM            

        CLASS   BANK0          
                cstackBANK0                          60       60       6A         1
                bssBANK0                             CA       CA       2B         1
                nvBANK0                              F5       F5        6         1

        CLASS   BANK1          
                cstackBANK1                         15C      15C       50         1
                bssBANK1                            100      100       5C         1

        CLASS   BANK2          

        CLASS   BANK3          

        CLASS   BANK4          

        CLASS   BANK5          

        CLASS   SFR            

        CLASS   FARRAM         

        CLASS   CONFIG         
                config                           300000   300000        E         0

        CLASS   IDLOC          
                idloc                            200000   200000        8         0

        CLASS   EEDATA         



SEGMENTS        Name                           Load    Length   Top    Selector   Space  Class

                reset_vec                      000000  000004  000004         0       0  CODE    
                cstackCOMRAM                   000001  000057  000058         1       1  COMRAM  
                intcode                        000008  0033EA  0033F2         4       0  CODE    
                cstackBANK0                    000060  00009B  0000FB        60       1  BANK0   
                bssBANK1                       000100  0000AC  0001AC       100       1  BANK1   
                mediumconst                    007D06  0002FA  008000      3E83       0  MEDIUMCO
                idloc                          200000  000008  200008    200000       0  IDLOC   
                config                         300000  00000E  30000E    300000       0  CONFIG  


UNUSED ADDRESS RANGES

        Name                Unused          Largest block    Delta
        BANK0            0000FB-0000FF                5
        BANK1            0001AC-0001FF               54
        BANK2            000200-0002FF              100
        BANK3            000300-0003FF              100
        BANK4            000400-0004FF              100
        BANK5            000500-0005FF              100
        BIGRAM           000058-00005F                8
                         0000FB-0000FF                5
                         0001AC-0005FF              454
        CODE             000004-000007                4
                         0033F2-007D05             4914
        COMRAM           000058-00005F                8
        CONST            000004-000007                4
                         0033F2-007D05             4914
        EEDATA           F00000-F000FF              100
        MEDIUMCONST      0033F2-007D05             4914
        RAM              0000FB-0000FF                5
                         0001AC-0005FF              100
        SFR              000F38-000FFF               28
        SMALLCONST       0033F2-007D05              100
        STACK            0001AC-0005FF              454

                                  Symbol Table

?___aodiv                                       cstackCOMRAM 000008
?___aomod                                       cstackCOMRAM 000008
?___awdiv                                       cstackCOMRAM 000008
?___awmod                                       cstackCOMRAM 000008
?___fladd                                       cstackCOMRAM 000008
?___fldiv                                       cstackCOMRAM 000008
?___flmul                                       cstackCOMRAM 000008
?___flneg                                       cstackCOMRAM 000008
?___flsub                                       cstackCOMRAM 000021
?___fltol                                       cstackCOMRAM 000008
?___fpclassifyf                                 cstackCOMRAM 000008
?_abs                                           cstackCOMRAM 00001A
?_dtoa                                          cstackCOMRAM 000025
?_efgtoa                                        cstackCOMRAM 000035
?_floorf                                        cstackCOMRAM 000021
?_isupper                                       cstackCOMRAM 000008
?_pad                                           cstackCOMRAM 00001A
?_sprintf                                       cstackBANK0  0000B6
?_strlen                                        cstackCOMRAM 000008
?_strncmp                                       cstackCOMRAM 000008
?_tolower                                       cstackCOMRAM 00000E
?_vfpfcnvrt                                     cstackCOMRAM 000049
?_vfprintf                                      cstackBANK0  0000AE
EUSART1_SetErrorHandler@interruptHandler        cstackCOMRAM 000008
EUSART1_SetFramingErrorHandler@interruptHandler cstackCOMRAM 000008
EUSART1_SetOverrunErrorHandler@interruptHandler cstackCOMRAM 000008
EUSART1_Write@txData                            cstackCOMRAM 000008
I2C1_ISR@i2c_10bit_address_restart              bssBANK0     0000E3
I2C1_ISR@i2c_address                            bssCOMRAM    000055
I2C1_ISR@i2c_bytes_left                         bssBANK0     0000E4
I2C1_ISR@pi2c_buf_ptr                           bssBANK0     0000DD
I2C1_MasterRead@address                         cstackCOMRAM 000014
I2C1_MasterRead@length                          cstackCOMRAM 000013
I2C1_MasterRead@pdata                           cstackCOMRAM 000011
I2C1_MasterRead@pflag                           cstackCOMRAM 000016
I2C1_MasterRead@trBlock                         bssBANK0     0000E6
I2C1_MasterReadTRBBuild@address                 cstackCOMRAM 00000D
I2C1_MasterReadTRBBuild@length                  cstackCOMRAM 00000C
I2C1_MasterReadTRBBuild@pdata                   cstackCOMRAM 00000A
I2C1_MasterReadTRBBuild@ptrb                    cstackCOMRAM 000008
I2C1_MasterTRBInsert@count                      cstackCOMRAM 00000D
I2C1_MasterTRBInsert@pflag                      cstackCOMRAM 00000A
I2C1_MasterTRBInsert@ptrb_list                  cstackCOMRAM 000008
I2C1_MasterWrite@address                        cstackCOMRAM 000014
I2C1_MasterWrite@length                         cstackCOMRAM 000013
I2C1_MasterWrite@pdata                          cstackCOMRAM 000011
I2C1_MasterWrite@pflag                          cstackCOMRAM 000016
I2C1_MasterWrite@trBlock                        bssBANK0     0000EB
I2C1_MasterWriteTRBBuild@address                cstackCOMRAM 00000D
I2C1_MasterWriteTRBBuild@length                 cstackCOMRAM 00000C
I2C1_MasterWriteTRBBuild@pdata                  cstackCOMRAM 00000A
I2C1_MasterWriteTRBBuild@ptrb                   cstackCOMRAM 000008
I2C1_Stop@completion_code                       cstackCOMRAM 000003
_ANSELA                                         (abs)        000F38
_ANSELB                                         (abs)        000F39
_ANSELC                                         (abs)        000F3A
_BAUDCON1                                       (abs)        000FB8
_EUSART1_DefaultErrorHandler                    (abs)        000000
_EUSART1_DefaultFramingErrorHandler             (abs)        000000
_EUSART1_DefaultOverrunErrorHandler             (abs)        000000
_EUSART1_ErrorHandler                           nvBANK0      0000F5
_EUSART1_FramingErrorHandler                    nvBANK0      0000F9
_EUSART1_Initialize                             text38       00314A
_EUSART1_OverrunErrorHandler                    nvBANK0      0000F7
_EUSART1_Read                                   text49       00337E
_EUSART1_SetErrorHandler                        text41       0033D8
_EUSART1_SetFramingErrorHandler                 text40       0033CE
_EUSART1_SetOverrunErrorHandler                 text39       0033C4
_EUSART1_Write                                  text32       0033A2
_EUSART1_is_rx_ready                            text48       0033AE
_I2C1_BusCollisionISR                           text54       0033EE
_I2C1_FunctionComplete                          text53       00334E
_I2C1_ISR                                       text51       001DE8
_I2C1_Initialize                                text37       003202
_I2C1_MasterRead                                text44       003074
_I2C1_MasterReadTRBBuild                        text47       002F8C
_I2C1_MasterTRBInsert                           text45       002B8E
_I2C1_MasterWrite                               text42       003028
_I2C1_MasterWriteTRBBuild                       text43       003106
_I2C1_Stop                                      text52       00318A
_I2C1_WaitForLastPacketToComplete               text46       0033E2
_INTCON2bits                                    (abs)        000FF1
_INTCONbits                                     (abs)        000FF2
_INTERRUPT_Initialize                           text36       0033EA
_INTERRUPT_InterruptManager                     intcode      000008
_LATA                                           (abs)        000F89
_LATB                                           (abs)        000F8A
_LATBbits                                       (abs)        000F8A
_LATC                                           (abs)        000F8B
_LATCbits                                       (abs)        000F8B
_OSCCON                                         (abs)        000FD3
_OSCCON2                                        (abs)        000FD2
_OSCILLATOR_Initialize                          text35       003394
_OSCTUNE                                        (abs)        000F9B
_PIE1bits                                       (abs)        000F9D
_PIE2bits                                       (abs)        000FA0
_PIN_MANAGER_Initialize                         text34       0032F8
_PIR1bits                                       (abs)        000F9E
_PIR2bits                                       (abs)        000FA1
_RCONbits                                       (abs)        000FD0
_RCREG1                                         (abs)        000FAE
_RCSTA1                                         (abs)        000FAB
_RCSTA1bits                                     (abs)        000FAB
_SPBRG1                                         (abs)        000FAF
_SPBRGH1                                        (abs)        000FB0
_SSP1ADD                                        (abs)        000FC8
_SSP1BUF                                        (abs)        000FC9
_SSP1CON1                                       (abs)        000FC6
_SSP1CON1bits                                   (abs)        000FC6
_SSP1CON2bits                                   (abs)        000FC5
_SSP1CON3                                       (abs)        000FCB
_SSP1STAT                                       (abs)        000FC7
_SYSTEM_Initialize                              text33       003368
_TRISA                                          (abs)        000F92
_TRISB                                          (abs)        000F93
_TRISC                                          (abs)        000F94
_TXREG1                                         (abs)        000FAD
_TXSTA1                                         (abs)        000FAC
_TXSTA1bits                                     (abs)        000FAC
_WPUB                                           (abs)        000F61
__CFG_BOREN$SBORDIS                             (abs)        000000
__CFG_BORV$190                                  (abs)        000000
__CFG_CCP2MX$PORTC1                             (abs)        000000
__CFG_CCP3MX$PORTB5                             (abs)        000000
__CFG_CP0$OFF                                   (abs)        000000
__CFG_CP1$OFF                                   (abs)        000000
__CFG_CP2$OFF                                   (abs)        000000
__CFG_CP3$OFF                                   (abs)        000000
__CFG_CPB$OFF                                   (abs)        000000
__CFG_CPD$OFF                                   (abs)        000000
__CFG_DEBUG$OFF                                 (abs)        000000
__CFG_EBTR0$OFF                                 (abs)        000000
__CFG_EBTR1$OFF                                 (abs)        000000
__CFG_EBTR2$OFF                                 (abs)        000000
__CFG_EBTR3$OFF                                 (abs)        000000
__CFG_EBTRB$OFF                                 (abs)        000000
__CFG_FCMEN$OFF                                 (abs)        000000
__CFG_FOSC$INTIO67                              (abs)        000000
__CFG_HFOFST$ON                                 (abs)        000000
__CFG_IESO$OFF                                  (abs)        000000
__CFG_LVP$ON                                    (abs)        000000
__CFG_MCLRE$EXTMCLR                             (abs)        000000
__CFG_P2BMX$PORTB5                              (abs)        000000
__CFG_PBADEN$ON                                 (abs)        000000
__CFG_PLLCFG$OFF                                (abs)        000000
__CFG_PRICLKEN$ON                               (abs)        000000
__CFG_PWRTEN$OFF                                (abs)        000000
__CFG_STVREN$ON                                 (abs)        000000
__CFG_T3CMX$PORTC0                              (abs)        000000
__CFG_WDTEN$OFF                                 (abs)        000000
__CFG_WDTPS$32768                               (abs)        000000
__CFG_WRT0$OFF                                  (abs)        000000
__CFG_WRT1$OFF                                  (abs)        000000
__CFG_WRT2$OFF                                  (abs)        000000
__CFG_WRT3$OFF                                  (abs)        000000
__CFG_WRTB$OFF                                  (abs)        000000
__CFG_WRTC$OFF                                  (abs)        000000
__CFG_WRTD$OFF                                  (abs)        000000
__CFG_XINST$OFF                                 (abs)        000000
__HRAM                                          (abs)        000000
__Habs1                                         abs1         000000
__Hbank0                                        bank0        000000
__Hbank1                                        bank1        000000
__Hbank2                                        bank2        000000
__Hbank3                                        bank3        000000
__Hbank4                                        bank4        000000
__Hbank5                                        bank5        000000
__Hbigbss                                       bigbss       000000
__Hbigdata                                      bigdata      000000
__Hbigram                                       bigram       000000
__Hbss                                          bss          000000
__HbssBANK0                                     bssBANK0     000000
__HbssBANK1                                     bssBANK1     000000
__HbssCOMRAM                                    bssCOMRAM    000000
__Hcinit                                        cinit        000000
__Hclrtext                                      clrtext      000000
__Hcomram                                       comram       000000
__Hconfig                                       config       30000E
__Hconst                                        const        000000
__HcstackBANK0                                  cstackBANK0  000000
__HcstackBANK1                                  cstackBANK1  000000
__HcstackCOMRAM                                 cstackCOMRAM 000000
__Hdata                                         data         000000
__Heeprom_data                                  eeprom_data  000000
__Hfarbss                                       farbss       000000
__Hfardata                                      fardata      000000
__Hibigdata                                     ibigdata     000000
__Hidata                                        idata        000000
__Hidloc                                        idloc        200008
__Hifardata                                     ifardata     000000
__Hinit                                         init         00003C
__Hintcode                                      intcode      000038
__Hintcode_body                                 intcode_body 000000
__Hintcodelo                                    intcodelo    000038
__Hintentry                                     intentry     000000
__Hintret                                       intret       000000
__Hintsave_regs                                 intsave_regs 000000
__Hirdata                                       irdata       000000
__Hmediumconst                                  mediumconst  008000
__HnvBANK0                                      nvBANK0      000000
__HnvFARRAM                                     nvFARRAM     000000
__Hnvbit                                        nvbit        000000
__Hnvrram                                       nvrram       000000
__Hparam                                        rparam       000000
__Hpowerup                                      powerup      000038
__Hram                                          ram          000000
__Hramtop                                       ramtop       000600
__Hrbit                                         rbit         000000
__Hrbss                                         rbss         000000
__Hrdata                                        rdata        000000
__Hreset_vec                                    reset_vec    000004
__Hrparam                                       rparam       000000
__Hsfr                                          sfr          000000
__Hsmallconst                                   smallconst   000000
__Hspace_0                                      (abs)        30000E
__Hspace_1                                      (abs)        0001AC
__Hspace_2                                      (abs)        000000
__Hstack                                        stack        000000
__Hstruct                                       struct       000000
__Htemp                                         temp         000058
__Htext                                         text         000000
__Htext0                                        text0        000000
__Htext1                                        text1        000000
__Htext10                                       text10       000000
__Htext11                                       text11       000000
__Htext12                                       text12       000000
__Htext13                                       text13       000000
__Htext14                                       text14       000000
__Htext15                                       text15       000000
__Htext16                                       text16       000000
__Htext17                                       text17       000000
__Htext18                                       text18       000000
__Htext19                                       text19       000000
__Htext2                                        text2        000000
__Htext20                                       text20       000000
__Htext21                                       text21       000000
__Htext22                                       text22       000000
__Htext23                                       text23       000000
__Htext24                                       text24       000000
__Htext25                                       text25       000000
__Htext26                                       text26       000000
__Htext27                                       text27       000000
__Htext28                                       text28       000000
__Htext29                                       text29       000000
__Htext3                                        text3        000000
__Htext30                                       text30       000000
__Htext31                                       text31       000000
__Htext32                                       text32       000000
__Htext33                                       text33       000000
__Htext34                                       text34       000000
__Htext35                                       text35       000000
__Htext36                                       text36       000000
__Htext37                                       text37       000000
__Htext38                                       text38       000000
__Htext39                                       text39       000000
__Htext4                                        text4        000000
__Htext40                                       text40       000000
__Htext41                                       text41       000000
__Htext42                                       text42       000000
__Htext43                                       text43       000000
__Htext44                                       text44       000000
__Htext45                                       text45       000000
__Htext46                                       text46       000000
__Htext47                                       text47       000000
__Htext48                                       text48       000000
__Htext49                                       text49       000000
__Htext5                                        text5        000000
__Htext51                                       text51       000000
__Htext52                                       text52       000000
__Htext53                                       text53       000000
__Htext54                                       text54       000000
__Htext6                                        text6        000000
__Htext7                                        text7        000000
__Htext8                                        text8        000000
__Htext9                                        text9        000000
__LRAM                                          (abs)        000001
__Labs1                                         abs1         000000
__Lbank0                                        bank0        000000
__Lbank1                                        bank1        000000
__Lbank2                                        bank2        000000
__Lbank3                                        bank3        000000
__Lbank4                                        bank4        000000
__Lbank5                                        bank5        000000
__Lbigbss                                       bigbss       000000
__Lbigdata                                      bigdata      000000
__Lbigram                                       bigram       000000
__Lbss                                          bss          000000
__LbssBANK0                                     bssBANK0     000000
__LbssBANK1                                     bssBANK1     000000
__LbssCOMRAM                                    bssCOMRAM    000000
__Lcinit                                        cinit        000000
__Lclrtext                                      clrtext      000000
__Lcomram                                       comram       000000
__Lconfig                                       config       300000
__Lconst                                        const        000000
__LcstackBANK0                                  cstackBANK0  000000
__LcstackBANK1                                  cstackBANK1  000000
__LcstackCOMRAM                                 cstackCOMRAM 000000
__Ldata                                         data         000000
__Leeprom_data                                  eeprom_data  000000
__Lfarbss                                       farbss       000000
__Lfardata                                      fardata      000000
__Libigdata                                     ibigdata     000000
__Lidata                                        idata        000000
__Lidloc                                        idloc        200000
__Lifardata                                     ifardata     000000
__Linit                                         init         000038
__Lintcode                                      intcode      000008
__Lintcode_body                                 intcode_body 000000
__Lintcodelo                                    intcodelo    000038
__Lintentry                                     intentry     000000
__Lintret                                       intret       000000
__Lintsave_regs                                 intsave_regs 000000
__Lirdata                                       irdata       000000
__Lmediumconst                                  mediumconst  007D06
__LnvBANK0                                      nvBANK0      000000
__LnvFARRAM                                     nvFARRAM     000000
__Lnvbit                                        nvbit        000000
__Lnvrram                                       nvrram       000000
__Lparam                                        rparam       000000
__Lpowerup                                      powerup      000038
__Lram                                          ram          000000
__Lramtop                                       ramtop       000600
__Lrbit                                         rbit         000000
__Lrbss                                         rbss         000000
__Lrdata                                        rdata        000000
__Lreset_vec                                    reset_vec    000000
__Lrparam                                       rparam       000000
__Lsfr                                          sfr          000000
__Lsmallconst                                   smallconst   000000
__Lspace_0                                      (abs)        000000
__Lspace_1                                      (abs)        000000
__Lspace_2                                      (abs)        000000
__Lstack                                        stack        000000
__Lstruct                                       struct       000000
__Ltemp                                         temp         000057
__Ltext                                         text         000000
__Ltext0                                        text0        000000
__Ltext1                                        text1        000000
__Ltext10                                       text10       000000
__Ltext11                                       text11       000000
__Ltext12                                       text12       000000
__Ltext13                                       text13       000000
__Ltext14                                       text14       000000
__Ltext15                                       text15       000000
__Ltext16                                       text16       000000
__Ltext17                                       text17       000000
__Ltext18                                       text18       000000
__Ltext19                                       text19       000000
__Ltext2                                        text2        000000
__Ltext20                                       text20       000000
__Ltext21                                       text21       000000
__Ltext22                                       text22       000000
__Ltext23                                       text23       000000
__Ltext24                                       text24       000000
__Ltext25                                       text25       000000
__Ltext26                                       text26       000000
__Ltext27                                       text27       000000
__Ltext28                                       text28       000000
__Ltext29                                       text29       000000
__Ltext3                                        text3        000000
__Ltext30                                       text30       000000
__Ltext31                                       text31       000000
__Ltext32                                       text32       000000
__Ltext33                                       text33       000000
__Ltext34                                       text34       000000
__Ltext35                                       text35       000000
__Ltext36                                       text36       000000
__Ltext37                                       text37       000000
__Ltext38                                       text38       000000
__Ltext39                                       text39       000000
__Ltext4                                        text4        000000
__Ltext40                                       text40       000000
__Ltext41                                       text41       000000
__Ltext42                                       text42       000000
__Ltext43                                       text43       000000
__Ltext44                                       text44       000000
__Ltext45                                       text45       000000
__Ltext46                                       text46       000000
__Ltext47                                       text47       000000
__Ltext48                                       text48       000000
__Ltext49                                       text49       000000
__Ltext5                                        text5        000000
__Ltext51                                       text51       000000
__Ltext52                                       text52       000000
__Ltext53                                       text53       000000
__Ltext54                                       text54       000000
__Ltext6                                        text6        000000
__Ltext7                                        text7        000000
__Ltext8                                        text8        000000
__Ltext9                                        text9        000000
__S0                                            (abs)        30000E
__S1                                            (abs)        0001AC
__S2                                            (abs)        000000
___aodiv                                        text30       00258A
___aodiv@counter                                cstackCOMRAM 000018
___aodiv@dividend                               cstackCOMRAM 000008
___aodiv@divisor                                cstackCOMRAM 000010
___aodiv@quotient                               cstackCOMRAM 00001A
___aodiv@sign                                   cstackCOMRAM 000019
___aomod                                        text29       0026D2
___aomod@counter                                cstackCOMRAM 000018
___aomod@dividend                               cstackCOMRAM 000008
___aomod@divisor                                cstackCOMRAM 000010
___aomod@sign                                   cstackCOMRAM 000019
___awdiv                                        text21       002D4C
___awdiv@counter                                cstackCOMRAM 00000C
___awdiv@dividend                               cstackCOMRAM 000008
___awdiv@divisor                                cstackCOMRAM 00000A
___awdiv@quotient                               cstackCOMRAM 00000E
___awdiv@sign                                   cstackCOMRAM 00000D
___awmod                                        text20       002DD0
___awmod@counter                                cstackCOMRAM 00000C
___awmod@dividend                               cstackCOMRAM 000008
___awmod@divisor                                cstackCOMRAM 00000A
___awmod@sign                                   cstackCOMRAM 00000D
___fladd                                        text14       001854
___fladd@a                                      cstackCOMRAM 00000C
___fladd@aexp                                   cstackCOMRAM 000015
___fladd@b                                      cstackCOMRAM 000008
___fladd@bexp                                   cstackCOMRAM 000016
___fladd@grs                                    cstackCOMRAM 000017
___fladd@signs                                  cstackCOMRAM 000014
___fldiv                                        text19       001B60
___fldiv@a                                      cstackCOMRAM 00000C
___fldiv@aexp                                   cstackCOMRAM 000020
___fldiv@b                                      cstackCOMRAM 000008
___fldiv@bexp                                   cstackCOMRAM 00001F
___fldiv@grs                                    cstackCOMRAM 00001B
___fldiv@new_exp                                cstackCOMRAM 000019
___fldiv@rem                                    cstackCOMRAM 000014
___fldiv@sign                                   cstackCOMRAM 000018
___fleq                                         text18       002CC2
___fleq@ff1                                     cstackCOMRAM 000008
___fleq@ff2                                     cstackCOMRAM 00000C
___flge                                         text17       0027F6
___flge@ff1                                     cstackCOMRAM 000021
___flge@ff2                                     cstackCOMRAM 000025
___flmul                                        text16       001502
___flmul@a                                      cstackCOMRAM 00000C
___flmul@aexp                                   cstackCOMRAM 000015
___flmul@b                                      cstackCOMRAM 000008
___flmul@bexp                                   cstackCOMRAM 00001A
___flmul@grs                                    cstackCOMRAM 000016
___flmul@prod                                   cstackCOMRAM 00001B
___flmul@sign                                   cstackCOMRAM 000014
___flmul@temp                                   cstackCOMRAM 00001F
___flneg                                        text15       0032CA
___flneg@f1                                     cstackCOMRAM 000008
___flsub                                        text13       0030C0
___flsub@a                                      cstackCOMRAM 000025
___flsub@b                                      cstackCOMRAM 000021
___fltol                                        text12       002992
___fltol@exp1                                   cstackCOMRAM 000011
___fltol@f1                                     cstackCOMRAM 000008
___fltol@sign1                                  cstackCOMRAM 000010
___fpclassifyf                                  text11       0028C6
___fpclassifyf@F463                             bssBANK0     0000D5
___fpclassifyf@e                                cstackCOMRAM 000010
___fpclassifyf@u                                cstackCOMRAM 000012
___fpclassifyf@x                                cstackCOMRAM 000008
___inthi_sp                                     stack        000000
___intlo_sp                                     stack        000000
___param_bank                                   (abs)        000000
___rparam_used                                  (abs)        000001
___sp                                           stack        000000
__accesstop                                     (abs)        000060
__activetblptr                                  (abs)        000002
__end_of_EUSART1_Initialize                     text38       00318A
__end_of_EUSART1_Read                           text49       003394
__end_of_EUSART1_SetErrorHandler                text41       0033E2
__end_of_EUSART1_SetFramingErrorHandler         text40       0033D8
__end_of_EUSART1_SetOverrunErrorHandler         text39       0033CE
__end_of_EUSART1_Write                          text32       0033AE
__end_of_EUSART1_is_rx_ready                    text48       0033BA
__end_of_I2C1_BusCollisionISR                   text54       0033F2
__end_of_I2C1_FunctionComplete                  text53       003368
__end_of_I2C1_ISR                               text51       002034
__end_of_I2C1_Initialize                        text37       003236
__end_of_I2C1_MasterRead                        text44       0030C0
__end_of_I2C1_MasterReadTRBBuild                text47       002FDC
__end_of_I2C1_MasterTRBInsert                   text45       002C2C
__end_of_I2C1_MasterWrite                       text42       003074
__end_of_I2C1_MasterWriteTRBBuild               text43       00314A
__end_of_I2C1_Stop                              text52       0031CA
__end_of_I2C1_WaitForLastPacketToComplete       text46       0033EA
__end_of_INTERRUPT_Initialize                   text36       0033EE
__end_of_INTERRUPT_InterruptManager             intcode      000038
__end_of_OSCILLATOR_Initialize                  text35       0033A2
__end_of_PIN_MANAGER_Initialize                 text34       003324
__end_of_SYSTEM_Initialize                      text33       00337E
__end_of___aodiv                                text30       0026D2
__end_of___aomod                                text29       0027F6
__end_of___awdiv                                text21       002DD0
__end_of___awmod                                text20       002E40
__end_of___fladd                                text14       001B60
__end_of___fldiv                                text19       001DE8
__end_of___fleq                                 text18       002D4C
__end_of___flge                                 text17       0028C6
__end_of___flmul                                text16       001854
__end_of___flneg                                text15       0032F8
__end_of___flsub                                text13       003106
__end_of___fltol                                text12       002A4C
__end_of___fpclassifyf                          text11       002992
__end_of__initialization                        cinit        00325A
__end_of_abs                                    text28       00329A
__end_of_dtoa                                   text22       002276
__end_of_efgtoa                                 text6        0009BA
__end_of_floorf                                 text10       00242C
__end_of_fputc                                  text26       002B8E
__end_of_fputs                                  text25       003202
__end_of_isupper                                text8        0032CA
__end_of_main                                   text0        001198
__end_of_pad                                    text23       002CC2
__end_of_putch                                  text27       0033C4
__end_of_sendString                             text31       002F8C
__end_of_sprintf                                text2        002EE8
__end_of_statusReport                           text1        00258A
__end_of_strcpy                                 text9        002F3A
__end_of_strlen                                 text24       00334E
__end_of_strncmp                                text5        002AEE
__end_of_tolower                                text7        003028
__end_of_vfpfcnvrt                              text4        001502
__end_of_vfprintf                               text3        002E96
__initialization                                cinit        003236
__mediumconst                                   mediumconst  007D06
__pbssBANK0                                     bssBANK0     0000CA
__pbssBANK1                                     bssBANK1     000100
__pbssCOMRAM                                    bssCOMRAM    00004F
__pcinit                                        cinit        003236
__pcstackBANK0                                  cstackBANK0  000060
__pcstackBANK1                                  cstackBANK1  00015C
__pcstackCOMRAM                                 cstackCOMRAM 000001
__pintcode                                      intcode      000008
__pmediumconst                                  mediumconst  007D06
__pnvBANK0                                      nvBANK0      0000F5
__ptext0                                        text0        0009BA
__ptext1                                        text1        00242C
__ptext10                                       text10       002276
__ptext11                                       text11       0028C6
__ptext12                                       text12       002992
__ptext13                                       text13       0030C0
__ptext14                                       text14       001854
__ptext15                                       text15       0032CA
__ptext16                                       text16       001502
__ptext17                                       text17       0027F6
__ptext18                                       text18       002CC2
__ptext19                                       text19       001B60
__ptext2                                        text2        002E96
__ptext20                                       text20       002DD0
__ptext21                                       text21       002D4C
__ptext22                                       text22       002034
__ptext23                                       text23       002C2C
__ptext24                                       text24       003324
__ptext25                                       text25       0031CA
__ptext26                                       text26       002AEE
__ptext27                                       text27       0033BA
__ptext28                                       text28       003268
__ptext29                                       text29       0026D2
__ptext3                                        text3        002E40
__ptext30                                       text30       00258A
__ptext31                                       text31       002F3A
__ptext32                                       text32       0033A2
__ptext33                                       text33       003368
__ptext34                                       text34       0032F8
__ptext35                                       text35       003394
__ptext36                                       text36       0033EA
__ptext37                                       text37       003202
__ptext38                                       text38       00314A
__ptext39                                       text39       0033C4
__ptext4                                        text4        001198
__ptext40                                       text40       0033CE
__ptext41                                       text41       0033D8
__ptext42                                       text42       003028
__ptext43                                       text43       003106
__ptext44                                       text44       003074
__ptext45                                       text45       002B8E
__ptext46                                       text46       0033E2
__ptext47                                       text47       002F8C
__ptext48                                       text48       0033AE
__ptext49                                       text49       00337E
__ptext5                                        text5        002A4C
__ptext51                                       text51       001DE8
__ptext52                                       text52       00318A
__ptext53                                       text53       00334E
__ptext54                                       text54       0033EE
__ptext6                                        text6        00003C
__ptext7                                        text7        002FDC
__ptext8                                        text8        00329A
__ptext9                                        text9        002EE8
__ramtop                                        ramtop       000600
__size_of_EUSART1_Initialize                    (abs)        000000
__size_of_EUSART1_Read                          (abs)        000000
__size_of_EUSART1_SetErrorHandler               (abs)        000000
__size_of_EUSART1_SetFramingErrorHandler        (abs)        000000
__size_of_EUSART1_SetOverrunErrorHandler        (abs)        000000
__size_of_EUSART1_Write                         (abs)        000000
__size_of_EUSART1_is_rx_ready                   (abs)        000000
__size_of_I2C1_BusCollisionISR                  (abs)        000000
__size_of_I2C1_FunctionComplete                 (abs)        000000
__size_of_I2C1_ISR                              (abs)        000000
__size_of_I2C1_Initialize                       (abs)        000000
__size_of_I2C1_MasterRead                       (abs)        000000
__size_of_I2C1_MasterReadTRBBuild               (abs)        000000
__size_of_I2C1_MasterTRBInsert                  (abs)        000000
__size_of_I2C1_MasterWrite                      (abs)        000000
__size_of_I2C1_MasterWriteTRBBuild              (abs)        000000
__size_of_I2C1_Stop                             (abs)        000000
__size_of_I2C1_WaitForLastPacketToComplete      (abs)        000000
__size_of_INTERRUPT_Initialize                  (abs)        000000
__size_of_INTERRUPT_InterruptManager            (abs)        000000
__size_of_OSCILLATOR_Initialize                 (abs)        000000
__size_of_PIN_MANAGER_Initialize                (abs)        000000
__size_of_SYSTEM_Initialize                     (abs)        000000
__size_of___aodiv                               (abs)        000000
__size_of___aomod                               (abs)        000000
__size_of___awdiv                               (abs)        000000
__size_of___awmod                               (abs)        000000
__size_of___fladd                               (abs)        000000
__size_of___fldiv                               (abs)        000000
__size_of___fleq                                (abs)        000000
__size_of___flge                                (abs)        000000
__size_of___flmul                               (abs)        000000
__size_of___flneg                               (abs)        000000
__size_of___flsub                               (abs)        000000
__size_of___fltol                               (abs)        000000
__size_of___fpclassifyf                         (abs)        000000
__size_of_abs                                   (abs)        000000
__size_of_dtoa                                  (abs)        000000
__size_of_efgtoa                                (abs)        000000
__size_of_floorf                                (abs)        000000
__size_of_fputc                                 (abs)        000000
__size_of_fputs                                 (abs)        000000
__size_of_isupper                               (abs)        000000
__size_of_main                                  (abs)        000000
__size_of_pad                                   (abs)        000000
__size_of_putch                                 (abs)        000000
__size_of_sendString                            (abs)        000000
__size_of_sprintf                               (abs)        000000
__size_of_statusReport                          (abs)        000000
__size_of_strcpy                                (abs)        000000
__size_of_strlen                                (abs)        000000
__size_of_strncmp                               (abs)        000000
__size_of_tolower                               (abs)        000000
__size_of_vfpfcnvrt                             (abs)        000000
__size_of_vfprintf                              (abs)        000000
__smallconst                                    smallconst   000000
_abs                                            text28       003268
_dbuf                                           bssBANK1     000108
_dtoa                                           text22       002034
_dtoa$1386                                      cstackCOMRAM 000037
_efgtoa                                         text6        00003C
_efgtoa$1410                                    cstackBANK0  000064
_efgtoa$1411                                    cstackBANK0  000066
_efgtoa$1415                                    cstackBANK0  000068
_efgtoa$1419                                    cstackBANK0  00006A
_efgtoa$1420                                    cstackBANK0  00006C
_efgtoa$1421                                    cstackBANK0  00006E
_eusart1RxLastError                             bssBANK0     0000E5
_flags                                          bssCOMRAM    000051
_floorf                                         text10       002276
_fputc                                          text26       002AEE
_fputs                                          text25       0031CA
_h                                              bssBANK1     000159
_i2c1_object                                    bssBANK0     0000CA
_i2c1_state                                     bssCOMRAM    000054
_i2c1_tr_queue                                  bssBANK0     0000F0
_i2c1_trb_count                                 bssCOMRAM    000053
_isupper                                        text8        00329A
_length                                         bssBANK1     000107
_level                                          bssBANK1     000104
_main                                           text0        0009BA
_nout                                           bssBANK0     0000D9
_p_i2c1_current                                 bssBANK0     0000DF
_p_i2c1_trb_current                             bssBANK0     0000E1
_p_status                                       bssBANK1     00015A
_pad                                            text23       002C2C
_prec                                           bssCOMRAM    00004F
_putch                                          text27       0033BA
_sendString                                     text31       002F3A
_sprintf                                        text2        002E96
_statusReport                                   text1        00242C
_strcpy                                         text9        002EE8
_strlen                                         text24       003324
_strncmp                                        text5        002A4C
_temp                                           bssBANK1     000106
_tolower                                        text7        002FDC
_tolower$1990                                   cstackCOMRAM 000014
_v                                              bssBANK1     000100
_vfpfcnvrt                                      text4        001198
_vfpfcnvrt$1439                                 cstackBANK0  0000A4
_vfprintf                                       text3        002E40
_w_status                                       bssBANK1     00015B
_width                                          bssBANK0     0000DB
_x                                              bssBANK1     000158
abs@a                                           cstackCOMRAM 00001A
btemp                                           temp         000057
dtoa@d                                          cstackCOMRAM 000027
dtoa@fp                                         cstackCOMRAM 000025
dtoa@i                                          cstackCOMRAM 000047
dtoa@n                                          cstackCOMRAM 00003F
dtoa@p                                          cstackCOMRAM 000039
dtoa@s                                          cstackCOMRAM 00003D
dtoa@w                                          cstackCOMRAM 00003B
efgtoa@c                                        cstackCOMRAM 00003B
efgtoa@d                                        cstackBANK0  000078
efgtoa@e                                        cstackBANK0  000090
efgtoa@f                                        cstackCOMRAM 000037
efgtoa@fp                                       cstackCOMRAM 000035
efgtoa@g                                        cstackBANK0  00008C
efgtoa@h                                        cstackBANK0  000082
efgtoa@i                                        cstackBANK0  00008A
efgtoa@l                                        cstackBANK0  000086
efgtoa@m                                        cstackBANK0  000074
efgtoa@mode                                     cstackBANK0  000081
efgtoa@n                                        cstackBANK0  000092
efgtoa@ne                                       cstackBANK0  000076
efgtoa@nmode                                    cstackBANK0  00007E
efgtoa@ou                                       cstackBANK0  000060
efgtoa@p                                        cstackBANK0  00007C
efgtoa@pp                                       cstackBANK0  000072
efgtoa@sign                                     cstackBANK0  00007A
efgtoa@t                                        cstackBANK0  000070
efgtoa@u                                        cstackBANK0  000094
efgtoa@w                                        cstackBANK0  00007F
end_of_initialization                           cinit        00325A
floorf@F524                                     bssBANK0     0000D1
floorf@e                                        cstackCOMRAM 00002F
floorf@m                                        cstackCOMRAM 00002B
floorf@u                                        cstackCOMRAM 000031
floorf@x                                        cstackCOMRAM 000021
fputc@c                                         cstackCOMRAM 00000A
fputc@fp                                        cstackCOMRAM 00000C
fputs@c                                         cstackCOMRAM 000017
fputs@fp                                        cstackCOMRAM 000015
fputs@i                                         cstackCOMRAM 000018
fputs@s                                         cstackCOMRAM 000013
int$flags                                       temp         000057
intlevel0                                       text         000000
intlevel1                                       text         000000
intlevel2                                       text         000000
intlevel3                                       text         000000
isupper@c                                       cstackCOMRAM 000008
pad@buf                                         cstackCOMRAM 00001C
pad@fp                                          cstackCOMRAM 00001A
pad@i                                           cstackCOMRAM 000021
pad@p                                           cstackCOMRAM 00001E
pad@w                                           cstackCOMRAM 000023
putch@txData                                    cstackCOMRAM 000009
sendString@str                                  cstackCOMRAM 000009
sprintf@ap                                      cstackBANK0  0000C0
sprintf@f                                       cstackBANK0  0000C2
sprintf@fmt                                     cstackBANK0  0000B8
sprintf@s                                       cstackBANK0  0000B6
stackhi                                         (abs)        0005FF
stacklo                                         (abs)        0001AC
start                                           init         000038
start_initialization                            cinit        003236
statusReport@buffer                             cstackBANK1  00015C
strcpy@d                                        cstackCOMRAM 000010
strcpy@dest                                     cstackCOMRAM 000008
strcpy@s                                        cstackCOMRAM 00000E
strcpy@src                                      cstackCOMRAM 00000A
strlen@a                                        cstackCOMRAM 00000A
strlen@s                                        cstackCOMRAM 000008
strncmp@_l                                      cstackCOMRAM 000008
strncmp@_r                                      cstackCOMRAM 00000A
strncmp@l                                       cstackCOMRAM 00000F
strncmp@n                                       cstackCOMRAM 00000C
strncmp@r                                       cstackCOMRAM 000011
tolower@c                                       cstackCOMRAM 00000E
ttemp5                                          temp         000058
ttemp6                                          temp         00005B
ttemp7                                          temp         00005F
vfpfcnvrt@ap                                    cstackCOMRAM 00004D
vfpfcnvrt@c                                     cstackBANK0  0000AD
vfpfcnvrt@ct                                    cstackBANK0  0000AA
vfpfcnvrt@f                                     cstackBANK0  0000A6
vfpfcnvrt@fmt                                   cstackCOMRAM 00004B
vfpfcnvrt@fp                                    cstackCOMRAM 000049
vfpfcnvrt@ll                                    cstackBANK0  00009C
vfprintf@ap                                     cstackBANK0  0000B2
vfprintf@cfmt                                   cstackBANK0  0000B4
vfprintf@fmt                                    cstackBANK0  0000B0
vfprintf@fp                                     cstackBANK0  0000AE
wtemp8                                          temp         000058


FUNCTION INFORMATION:

 *************** function _main *****************
 Defined at:
		line 95 in file "main.c"
 Parameters:    Size  Location     Type
		None
 Auto vars:     Size  Location     Type
		None
 Return value:  Size  Location     Type
                  1    wreg      void 
 Registers used:
		wreg, fsr1l, fsr1h, fsr2l, fsr2h, status,2, status,0, tblptrl, tblptrh, tblptru, prodl, prodh, cstack
 Tracked objects:
		On entry : 
		On exit  : 
		Unchanged: 
 Data sizes:     COMRAM   BANK0   BANK1   BANK2   BANK3   BANK4   BANK5
      Params:         0       0       0       0       0       0       0
      Locals:         0       0       0       0       0       0       0
      Temps:          0       2       0       0       0       0       0
      Totals:         0       2       0       0       0       0       0
Total ram usage:        2 bytes
 Hardware stack levels required when called:   13
 This function calls:
		_EUSART1_Read
		_EUSART1_is_rx_ready
		_I2C1_MasterRead
		_I2C1_MasterWrite
		_SYSTEM_Initialize
		_sendString
		_statusReport
 This function is called by:
		Startup code after reset
 This function uses a non-reentrant model


 *************** function _statusReport *****************
 Defined at:
		line 65 in file "main.c"
 Parameters:    Size  Location     Type
		None
 Auto vars:     Size  Location     Type
  buffer         80    0[BANK1 ] unsigned char [80]
 Return value:  Size  Location     Type
                  1    wreg      void 
 Registers used:
		wreg, fsr1l, fsr1h, fsr2l, fsr2h, status,2, status,0, tblptrl, tblptrh, tblptru, prodl, prodh, cstack
 Tracked objects:
		On entry : 
		On exit  : 
		Unchanged: 
 Data sizes:     COMRAM   BANK0   BANK1   BANK2   BANK3   BANK4   BANK5
      Params:         0       0       0       0       0       0       0
      Locals:         0       0      80       0       0       0       0
      Temps:          0       0       0       0       0       0       0
      Totals:         0       0      80       0       0       0       0
Total ram usage:       80 bytes
 Hardware stack levels used:    1
 Hardware stack levels required when called:   12
 This function calls:
		_sendString
		_sprintf
 This function is called by:
		_main
 This function uses a non-reentrant model


 *************** function _sprintf *****************
 Defined at:
		line 9 in file "C:\Program Files (x86)\Microchip\xc8\v2.05\pic\sources\c99\common\nf_sprintf.c"
 Parameters:    Size  Location     Type
  s               2   86[BANK0 ] PTR unsigned char 
		 -> statusReport@buffer(80), 
  fmt             2   88[BANK0 ] PTR const unsigned char 
		 -> STR_7(32), STR_5(35), STR_3(32), 
 Auto vars:     Size  Location     Type
  f               6   98[BANK0 ] struct _IO_FILE
  ap              2   96[BANK0 ] PTR void [1]
		 -> ?_sprintf(2), 
  ret             2    0        int 
 Return value:  Size  Location     Type
                  2   86[BANK0 ] int 
 Registers used:
		wreg, fsr1l, fsr1h, fsr2l, fsr2h, status,2, status,0, tblptrl, tblptrh, tblptru, prodl, prodh, cstack
 Tracked objects:
		On entry : 
		On exit  : 
		Unchanged: 
 Data sizes:     COMRAM   BANK0   BANK1   BANK2   BANK3   BANK4   BANK5
      Params:         0       8       0       0       0       0       0
      Locals:         0      10       0       0       0       0       0
      Temps:          0       0       0       0       0       0       0
      Totals:         0      18       0       0       0       0       0
Total ram usage:       18 bytes
 Hardware stack levels used:    1
 Hardware stack levels required when called:   11
 This function calls:
		_vfprintf
 This function is called by:
		_statusReport
 This function uses a non-reentrant model


 *************** function _vfprintf *****************
 Defined at:
		line 1368 in file "C:\Program Files (x86)\Microchip\xc8\v2.05\pic\sources\c99\common\doprnt.c"
 Parameters:    Size  Location     Type
  fp              2   78[BANK0 ] PTR struct _IO_FILE
		 -> sprintf@f(6), 
  fmt             2   80[BANK0 ] PTR const unsigned char 
		 -> STR_7(32), STR_5(35), STR_3(32), 
  ap              2   82[BANK0 ] PTR PTR void 
		 -> sprintf@ap(2), 
 Auto vars:     Size  Location     Type
  cfmt            2   84[BANK0 ] PTR unsigned char 
		 -> STR_7(32), STR_5(35), STR_3(32), 
 Return value:  Size  Location     Type
                  2   78[BANK0 ] int 
 Registers used:
		wreg, fsr1l, fsr1h, fsr2l, fsr2h, status,2, status,0, tblptrl, tblptrh, tblptru, prodl, prodh, cstack
 Tracked objects:
		On entry : 
		On exit  : 
		Unchanged: 
 Data sizes:     COMRAM   BANK0   BANK1   BANK2   BANK3   BANK4   BANK5
      Params:         0       6       0       0       0       0       0
      Locals:         0       2       0       0       0       0       0
      Temps:          0       0       0       0       0       0       0
      Totals:         0       8       0       0       0       0       0
Total ram usage:        8 bytes
 Hardware stack levels used:    1
 Hardware stack levels required when called:   10
 This function calls:
		_vfpfcnvrt
 This function is called by:
		_sprintf
 This function uses a non-reentrant model


 *************** function _vfpfcnvrt *****************
 Defined at:
		line 670 in file "C:\Program Files (x86)\Microchip\xc8\v2.05\pic\sources\c99\common\doprnt.c"
 Parameters:    Size  Location     Type
  fp              2   72[COMRAM] PTR struct _IO_FILE
		 -> sprintf@f(6), 
  fmt             2   74[COMRAM] PTR PTR unsigned char 
		 -> vfprintf@cfmt(2), 
  ap              2   76[COMRAM] PTR PTR void 
		 -> sprintf@ap(2), 
 Auto vars:     Size  Location     Type
  ll              8   60[BANK0 ] long long 
  llu             8    0        unsigned long long 
  f               4   70[BANK0 ] unsigned long long 
  ct              3   74[BANK0 ] unsigned char [3]
  vp              3    0        PTR void 
  cp              3    0        PTR unsigned char 
  i               2    0        int 
  done            2    0        int 
  c               1   77[BANK0 ] unsigned char 
 Return value:  Size  Location     Type
                  2   72[COMRAM] int 
 Registers used:
		wreg, fsr1l, fsr1h, fsr2l, fsr2h, status,2, status,0, tblptrl, tblptrh, tblptru, prodl, prodh, cstack
 Tracked objects:
		On entry : 
		On exit  : 
		Unchanged: 
 Data sizes:     COMRAM   BANK0   BANK1   BANK2   BANK3   BANK4   BANK5
      Params:         6       0       0       0       0       0       0
      Locals:         0      18       0       0       0       0       0
      Temps:          0       4       0       0       0       0       0
      Totals:         6      22       0       0       0       0       0
Total ram usage:       28 bytes
 Hardware stack levels used:    1
 Hardware stack levels required when called:    9
 This function calls:
		_dtoa
		_efgtoa
		_fputc
		_isupper
		_strncmp
		_tolower
 This function is called by:
		_vfprintf
 This function uses a non-reentrant model


 *************** function _strncmp *****************
 Defined at:
		line 3 in file "C:\Program Files (x86)\Microchip\xc8\v2.05\pic\sources\c99\common\strncmp.c"
 Parameters:    Size  Location     Type
  _l              2    7[COMRAM] PTR const unsigned char 
		 -> vfpfcnvrt@ct(3), 
  _r              2    9[COMRAM] PTR const unsigned char 
		 -> STR_82(3), 
  n               2   11[COMRAM] unsigned int 
 Auto vars:     Size  Location     Type
  r               2   16[COMRAM] PTR const unsigned char 
		 -> STR_82(3), 
  l               2   14[COMRAM] PTR const unsigned char 
		 -> vfpfcnvrt@ct(3), 
 Return value:  Size  Location     Type
                  2    7[COMRAM] int 
 Registers used:
		wreg, fsr2l, fsr2h, status,2, status,0, tblptrl, tblptrh, tblptru
 Tracked objects:
		On entry : 
		On exit  : 
		Unchanged: 
 Data sizes:     COMRAM   BANK0   BANK1   BANK2   BANK3   BANK4   BANK5
      Params:         6       0       0       0       0       0       0
      Locals:         4       0       0       0       0       0       0
      Temps:          1       0       0       0       0       0       0
      Totals:        11       0       0       0       0       0       0
Total ram usage:       11 bytes
 Hardware stack levels used:    1
 Hardware stack levels required when called:    3
 This function calls:
		Nothing
 This function is called by:
		_vfpfcnvrt
 This function uses a non-reentrant model


 *************** function _efgtoa *****************
 Defined at:
		line 319 in file "C:\Program Files (x86)\Microchip\xc8\v2.05\pic\sources\c99\common\doprnt.c"
 Parameters:    Size  Location     Type
  fp              2   52[COMRAM] PTR struct _IO_FILE
		 -> sprintf@f(6), 
  f               4   54[COMRAM] PTR struct _IO_FILE
  c               1   58[COMRAM] unsigned char 
 Auto vars:     Size  Location     Type
  u               4   52[BANK0 ] unsigned char 
  g               4   44[BANK0 ] unsigned char 
  l               4   38[BANK0 ] unsigned char 
  h               4   34[BANK0 ] unsigned char 
  ou              4    0[BANK0 ] unsigned char 
  n               2   50[BANK0 ] int 
  e               2   48[BANK0 ] int 
  i               2   42[BANK0 ] int 
  w               2   31[BANK0 ] int 
  p               2   28[BANK0 ] int 
  sign            2   26[BANK0 ] int 
  d               2   24[BANK0 ] int 
  ne              2   22[BANK0 ] int 
  m               2   20[BANK0 ] int 
  pp              2   18[BANK0 ] int 
  t               2   16[BANK0 ] int 
  mode            1   33[BANK0 ] unsigned char 
  nmode           1   30[BANK0 ] unsigned char 
 Return value:  Size  Location     Type
                  2   52[COMRAM] int 
 Registers used:
		wreg, fsr1l, fsr1h, fsr2l, fsr2h, status,2, status,0, tblptrl, tblptrh, tblptru, prodl, prodh, cstack
 Tracked objects:
		On entry : 
		On exit  : 
		Unchanged: 
 Data sizes:     COMRAM   BANK0   BANK1   BANK2   BANK3   BANK4   BANK5
[...]
 Registers used:
		wreg, fsr2l, fsr2h, status,2, status,0
 Tracked objects:
		On entry : 
		On exit  : 
		Unchanged: 
 Data sizes:     COMRAM   BANK0   BANK1   BANK2   BANK3   BANK4   BANK5
      Params:         7       0       0       0       0       0       0
      Locals:         0       0       0       0       0       0       0
      Temps:          2       0       0       0       0       0       0
      Totals:         9       0       0       0       0       0       0
Total ram usage:        9 bytes
 Hardware stack levels used:    1
 Hardware stack levels required when called:    3
 This function calls:
		Nothing
 This function is called by:
		_I2C1_MasterWrite
 This function uses a non-reentrant model


 *************** function _I2C1_MasterRead *****************
 Defined at:
		line 621 in file "mcc_generated_files/i2c1.c"
 Parameters:    Size  Location     Type
  pdata           2   16[COMRAM] PTR unsigned char 
		 -> x(1), 
  length          1   18[COMRAM] unsigned char 
  address         2   19[COMRAM] unsigned short 
  pflag           2   21[COMRAM] PTR enum E5734
		 -> p_status(1), 
 Auto vars:     Size  Location     Type
		None
 Return value:  Size  Location     Type
                  1    wreg      void 
 Registers used:
		wreg, fsr2l, fsr2h, status,2, status,0, cstack
 Tracked objects:
		On entry : 
		On exit  : 
		Unchanged: 
 Data sizes:     COMRAM   BANK0   BANK1   BANK2   BANK3   BANK4   BANK5
      Params:         7       0       0       0       0       0       0
      Locals:         0       0       0       0       0       0       0
      Temps:          0       0       0       0       0       0       0
      Totals:         7       0       0       0       0       0       0
Total ram usage:        7 bytes
 Hardware stack levels used:    1
 Hardware stack levels required when called:    5
 This function calls:
		_I2C1_MasterReadTRBBuild
		_I2C1_MasterTRBInsert
 This function is called by:
		_main
 This function uses a non-reentrant model


 *************** function _I2C1_MasterTRBInsert *****************
 Defined at:
		line 654 in file "mcc_generated_files/i2c1.c"
 Parameters:    Size  Location     Type
  count           1    wreg     unsigned char 
  ptrb_list       2    7[COMRAM] PTR struct .
		 -> I2C1_MasterRead@trBlock(5), I2C1_MasterWrite@trBlock(5), 
  pflag           2    9[COMRAM] PTR enum E5734
		 -> p_status(1), w_status(1), 
 Auto vars:     Size  Location     Type
  count           1   12[COMRAM] unsigned char 
 Return value:  Size  Location     Type
                  1    wreg      void 
 Registers used:
		wreg, fsr2l, fsr2h, status,2, status,0, cstack
 Tracked objects:
		On entry : 
		On exit  : 
		Unchanged: 
 Data sizes:     COMRAM   BANK0   BANK1   BANK2   BANK3   BANK4   BANK5
      Params:         4       0       0       0       0       0       0
      Locals:         1       0       0       0       0       0       0
      Temps:          1       0       0       0       0       0       0
      Totals:         6       0       0       0       0       0       0
Total ram usage:        6 bytes
 Hardware stack levels used:    1
 Hardware stack levels required when called:    4
 This function calls:
		_I2C1_WaitForLastPacketToComplete
 This function is called by:
		_I2C1_MasterWrite
		_I2C1_MasterRead
 This function uses a non-reentrant model


 *************** function _I2C1_WaitForLastPacketToComplete *****************
 Defined at:
		line 644 in file "mcc_generated_files/i2c1.c"
 Parameters:    Size  Location     Type
		None
 Auto vars:     Size  Location     Type
		None
 Return value:  Size  Location     Type
                  1    wreg      void 
 Registers used:
		wreg, status,2
 Tracked objects:
		On entry : 
		On exit  : 
		Unchanged: 
 Data sizes:     COMRAM   BANK0   BANK1   BANK2   BANK3   BANK4   BANK5
      Params:         0       0       0       0       0       0       0
      Locals:         0       0       0       0       0       0       0
      Temps:          0       0       0       0       0       0       0
      Totals:         0       0       0       0       0       0       0
Total ram usage:        0 bytes
 Hardware stack levels used:    1
 Hardware stack levels required when called:    3
 This function calls:
		Nothing
 This function is called by:
		_I2C1_MasterTRBInsert
 This function uses a non-reentrant model


 *************** function _I2C1_MasterReadTRBBuild *****************
 Defined at:
		line 708 in file "mcc_generated_files/i2c1.c"
 Parameters:    Size  Location     Type
  ptrb            2    7[COMRAM] PTR struct .
		 -> I2C1_MasterRead@trBlock(5), 
  pdata           2    9[COMRAM] PTR unsigned char 
		 -> x(1), 
  length          1   11[COMRAM] unsigned char 
  address         2   12[COMRAM] unsigned short 
 Auto vars:     Size  Location     Type
		None
 Return value:  Size  Location     Type
                  1    wreg      void 
 Registers used:
		wreg, fsr2l, fsr2h, status,2, status,0
 Tracked objects:
		On entry : 
		On exit  : 
		Unchanged: 
 Data sizes:     COMRAM   BANK0   BANK1   BANK2   BANK3   BANK4   BANK5
      Params:         7       0       0       0       0       0       0
      Locals:         0       0       0       0       0       0       0
      Temps:          2       0       0       0       0       0       0
      Totals:         9       0       0       0       0       0       0
Total ram usage:        9 bytes
 Hardware stack levels used:    1
 Hardware stack levels required when called:    3
 This function calls:
		Nothing
 This function is called by:
		_I2C1_MasterRead
 This function uses a non-reentrant model


 *************** function _EUSART1_is_rx_ready *****************
 Defined at:
		line 98 in file "mcc_generated_files/eusart1.c"
 Parameters:    Size  Location     Type
		None
 Auto vars:     Size  Location     Type
		None
 Return value:  Size  Location     Type
                  1    wreg      _Bool 
 Registers used:
		wreg
 Tracked objects:
		On entry : 
		On exit  : 
		Unchanged: 
 Data sizes:     COMRAM   BANK0   BANK1   BANK2   BANK3   BANK4   BANK5
      Params:         0       0       0       0       0       0       0
      Locals:         0       0       0       0       0       0       0
      Temps:          0       0       0       0       0       0       0
      Totals:         0       0       0       0       0       0       0
Total ram usage:        0 bytes
 Hardware stack levels used:    1
 Hardware stack levels required when called:    3
 This function calls:
		Nothing
 This function is called by:
		_main
 This function uses a non-reentrant model


 *************** function _EUSART1_Read *****************
 Defined at:
		line 112 in file "mcc_generated_files/eusart1.c"
 Parameters:    Size  Location     Type
		None
 Auto vars:     Size  Location     Type
		None
 Return value:  Size  Location     Type
                  1    wreg      unsigned char 
 Registers used:
		wreg, status,2
 Tracked objects:
		On entry : 
		On exit  : 
		Unchanged: 
 Data sizes:     COMRAM   BANK0   BANK1   BANK2   BANK3   BANK4   BANK5
      Params:         0       0       0       0       0       0       0
      Locals:         0       0       0       0       0       0       0
      Temps:          0       0       0       0       0       0       0
      Totals:         0       0       0       0       0       0       0
Total ram usage:        0 bytes
 Hardware stack levels used:    1
 Hardware stack levels required when called:    3
 This function calls:
		Nothing
 This function is called by:
		_main
		_getch
 This function uses a non-reentrant model


 *************** function _INTERRUPT_InterruptManager *****************
 Defined at:
		line 58 in file "mcc_generated_files/interrupt_manager.c"
 Parameters:    Size  Location     Type
		None
 Auto vars:     Size  Location     Type
		None
 Return value:  Size  Location     Type
                  1    wreg      void 
 Registers used:
		wreg, fsr2l, fsr2h, status,2, status,0, cstack
 Tracked objects:
		On entry : 
		On exit  : 
		Unchanged: 
 Data sizes:     COMRAM   BANK0   BANK1   BANK2   BANK3   BANK4   BANK5
      Params:         0       0       0       0       0       0       0
      Locals:         0       0       0       0       0       0       0
      Temps:          2       0       0       0       0       0       0
      Totals:         2       0       0       0       0       0       0
Total ram usage:        2 bytes
 Hardware stack levels used:    1
 Hardware stack levels required when called:    2
 This function calls:
		_I2C1_BusCollisionISR
		_I2C1_ISR
 This function is called by:
		Interrupt level 2
 This function uses a non-reentrant model


 *************** function _I2C1_ISR *****************
 Defined at:
		line 235 in file "mcc_generated_files/i2c1.c"
 Parameters:    Size  Location     Type
		None
 Auto vars:     Size  Location     Type
		None
 Return value:  Size  Location     Type
                  1    wreg      void 
 Registers used:
		wreg, fsr2l, fsr2h, status,2, status,0, cstack
 Tracked objects:
		On entry : 
		On exit  : 
		Unchanged: 
 Data sizes:     COMRAM   BANK0   BANK1   BANK2   BANK3   BANK4   BANK5
      Params:         0       0       0       0       0       0       0
      Locals:         0       0       0       0       0       0       0
      Temps:          2       0       0       0       0       0       0
      Totals:         2       0       0       0       0       0       0
Total ram usage:        2 bytes
 Hardware stack levels used:    1
 Hardware stack levels required when called:    1
 This function calls:
		_I2C1_FunctionComplete
		_I2C1_Stop
 This function is called by:
		_INTERRUPT_InterruptManager
 This function uses a non-reentrant model


 *************** function _I2C1_Stop *****************
 Defined at:
		line 583 in file "mcc_generated_files/i2c1.c"
 Parameters:    Size  Location     Type
  completion_c    1    wreg     enum E5734
 Auto vars:     Size  Location     Type
  completion_c    1    2[COMRAM] enum E5734
 Return value:  Size  Location     Type
                  1    wreg      void 
 Registers used:
		wreg, fsr2l, fsr2h, status,2, status,0
 Tracked objects:
		On entry : 
		On exit  : 
		Unchanged: 
 Data sizes:     COMRAM   BANK0   BANK1   BANK2   BANK3   BANK4   BANK5
      Params:         0       0       0       0       0       0       0
      Locals:         1       0       0       0       0       0       0
      Temps:          2       0       0       0       0       0       0
      Totals:         3       0       0       0       0       0       0
Total ram usage:        3 bytes
 Hardware stack levels used:    1
 This function calls:
		Nothing
 This function is called by:
		_I2C1_ISR
 This function uses a non-reentrant model


 *************** function _I2C1_FunctionComplete *****************
 Defined at:
		line 565 in file "mcc_generated_files/i2c1.c"
 Parameters:    Size  Location     Type
		None
 Auto vars:     Size  Location     Type
		None
 Return value:  Size  Location     Type
                  1    wreg      void 
 Registers used:
		wreg, status,2, status,0
 Tracked objects:
		On entry : 
		On exit  : 
		Unchanged: 
 Data sizes:     COMRAM   BANK0   BANK1   BANK2   BANK3   BANK4   BANK5
      Params:         0       0       0       0       0       0       0
      Locals:         0       0       0       0       0       0       0
      Temps:          0       0       0       0       0       0       0
      Totals:         0       0       0       0       0       0       0
Total ram usage:        0 bytes
 Hardware stack levels used:    1
 This function calls:
		Nothing
 This function is called by:
		_I2C1_ISR
 This function uses a non-reentrant model


 *************** function _I2C1_BusCollisionISR *****************
 Defined at:
		line 742 in file "mcc_generated_files/i2c1.c"
 Parameters:    Size  Location     Type
		None
 Auto vars:     Size  Location     Type
		None
 Return value:  Size  Location     Type
                  1    wreg      void 
 Registers used:
		None
 Tracked objects:
		On entry : 
		On exit  : 
		Unchanged: 
 Data sizes:     COMRAM   BANK0   BANK1   BANK2   BANK3   BANK4   BANK5
      Params:         0       0       0       0       0       0       0
      Locals:         0       0       0       0       0       0       0
      Temps:          0       0       0       0       0       0       0
      Totals:         0       0       0       0       0       0       0
Total ram usage:        0 bytes
 Hardware stack levels used:    1
 This function calls:
		Nothing
 This function is called by:
		_INTERRUPT_InterruptManager
 This function uses a non-reentrant model



MODULE INFORMATION

Module		Function		Class		Link	Load	Size
C:\Program Files (x86)\Microchip\xc8\v2.05\pic\sources\c99\common\awmod.c
		___awmod       		CODE           	2DD0	0000	113

C:\Program Files (x86)\Microchip\xc8\v2.05\pic\sources\c99\common\awmod.c estimated size: 113

C:\Program Files (x86)\Microchip\xc8\v2.05\pic\sources\c99\common\__fpclassifyf.c
		___fpclassifyf 		CODE           	28C6	0000	205

C:\Program Files (x86)\Microchip\xc8\v2.05\pic\sources\c99\common\__fpclassifyf.c estimated size: 205

C:\Program Files (x86)\Microchip\xc8\v2.05\pic\sources\c99\common\floorf.c
		_floorf        		CODE           	2276	0000	439

C:\Program Files (x86)\Microchip\xc8\v2.05\pic\sources\c99\common\floorf.c estimated size: 439

mcc_generated_files/interrupt_manager.c
		_INTERRUPT_Initialize		CODE           	33EA	0000	5
		_INTERRUPT_InterruptManager		CODE           	0008	0000	49

mcc_generated_files/interrupt_manager.c estimated size: 54

C:\Program Files (x86)\Microchip\xc8\v2.05\pic\sources\c99\common\flge.c
		___flge        		CODE           	27F6	0000	209

C:\Program Files (x86)\Microchip\xc8\v2.05\pic\sources\c99\common\flge.c estimated size: 209

C:\Program Files (x86)\Microchip\xc8\v2.05\pic\sources\c99\common\nf_fputc.c
		_fputc         		CODE           	2AEE	0000	161

C:\Program Files (x86)\Microchip\xc8\v2.05\pic\sources\c99\common\nf_fputc.c estimated size: 161

mcc_generated_files/i2c1.c
		_I2C1_BusCollisionISR		CODE           	33EE	0000	5
		_I2C1_MasterRead		CODE           	3074	0000	77
		_I2C1_FunctionComplete		CODE           	334E	0000	27
		_I2C1_MasterWriteTRBBuild		CODE           	3106	0000	69
		_I2C1_ISR      		CODE           	1DE8	0000	589
		_I2C1_MasterWrite		CODE           	3028	0000	77
		_I2C1_Initialize		CODE           	3202	0000	53
		_I2C1_Stop     		CODE           	318A	0000	65
		_I2C1_MasterReadTRBBuild		CODE           	2F8C	0000	81
		_I2C1_WaitForLastPacketToComplete		CODE           	33E2	0000	9
		_I2C1_MasterTRBInsert		CODE           	2B8E	0000	159

mcc_generated_files/i2c1.c estimated size: 1211

mcc_generated_files/pin_manager.c
		_PIN_MANAGER_Initialize		CODE           	32F8	0000	45

mcc_generated_files/pin_manager.c estimated size: 45

C:\Program Files (x86)\Microchip\xc8\v2.05\pic\sources\c99\common\aodiv.c
		___aodiv       		CODE           	258A	0000	329

C:\Program Files (x86)\Microchip\xc8\v2.05\pic\sources\c99\common\aodiv.c estimated size: 329

C:\Program Files (x86)\Microchip\xc8\v2.05\pic\sources\c99\common\isupper.c
		_isupper       		CODE           	329A	0000	49

C:\Program Files (x86)\Microchip\xc8\v2.05\pic\sources\c99\common\isupper.c estimated size: 49

C:\Program Files (x86)\Microchip\xc8\v2.05\pic\sources\c99\common\strlen.c
		_strlen        		CODE           	3324	0000	43

C:\Program Files (x86)\Microchip\xc8\v2.05\pic\sources\c99\common\strlen.c estimated size: 43

C:\Program Files (x86)\Microchip\xc8\v2.05\pic\sources\c99\common\strcpy.c
		_strcpy        		CODE           	2EE8	0000	83

C:\Program Files (x86)\Microchip\xc8\v2.05\pic\sources\c99\common\strcpy.c estimated size: 83

C:\Program Files (x86)\Microchip\xc8\v2.05\pic\sources\c99\common\awdiv.c
		___awdiv       		CODE           	2D4C	0000	133

C:\Program Files (x86)\Microchip\xc8\v2.05\pic\sources\c99\common\awdiv.c estimated size: 133

C:\Program Files (x86)\Microchip\xc8\v2.05\pic\sources\c99\common\fltol.c
		___fltol       		CODE           	2992	0000	187

C:\Program Files (x86)\Microchip\xc8\v2.05\pic\sources\c99\common\fltol.c estimated size: 187

C:\Program Files (x86)\Microchip\xc8\v2.05\pic\sources\c99\common\strncmp.c
		_strncmp       		CODE           	2A4C	0000	163

C:\Program Files (x86)\Microchip\xc8\v2.05\pic\sources\c99\common\strncmp.c estimated size: 163

C:\Program Files (x86)\Microchip\xc8\v2.05\pic\sources\c99\common\tolower.c
		_tolower       		CODE           	2FDC	0000	77

C:\Program Files (x86)\Microchip\xc8\v2.05\pic\sources\c99\common\tolower.c estimated size: 77

C:\Program Files (x86)\Microchip\xc8\v2.05\pic\sources\c99\common\sprcmul.c
		___flmul       		CODE           	1502	0000	851

C:\Program Files (x86)\Microchip\xc8\v2.05\pic\sources\c99\common\sprcmul.c estimated size: 851

C:\Program Files (x86)\Microchip\xc8\v2.05\pic\sources\c99\common\sprcdiv.c
		___fldiv       		CODE           	1B60	0000	649

C:\Program Files (x86)\Microchip\xc8\v2.05\pic\sources\c99\common\sprcdiv.c estimated size: 649

C:\Program Files (x86)\Microchip\xc8\v2.05\pic\sources\c99\common\doprnt.c
		_vfpfcnvrt     		CODE           	1198	0000	875
		_efgtoa        		CODE           	003C	0000	2431
		_pad           		CODE           	2C2C	0000	151
		_dtoa          		CODE           	2034	0000	579
		_vfprintf      		CODE           	2E40	0000	87

C:\Program Files (x86)\Microchip\xc8\v2.05\pic\sources\c99\common\doprnt.c estimated size: 4123

shared
		__initialization		CODE           	3236	0000	37

shared estimated size: 37

mcc_generated_files/eusart1.c
		_EUSART1_is_rx_ready		CODE           	33AE	0000	13
		_EUSART1_Initialize		CODE           	314A	0000	65
		_putch         		CODE           	33BA	0000	11
		_EUSART1_SetFramingErrorHandler		CODE           	33CE	0000	11
		_EUSART1_Read  		CODE           	337E	0000	23
		_EUSART1_SetOverrunErrorHandler		CODE           	33C4	0000	11
		_EUSART1_SetErrorHandler		CODE           	33D8	0000	11
		_EUSART1_Write 		CODE           	33A2	0000	13

mcc_generated_files/eusart1.c estimated size: 158

mcc_generated_files/mcc.c
		_OSCILLATOR_Initialize		CODE           	3394	0000	15
		_SYSTEM_Initialize		CODE           	3368	0000	23

mcc_generated_files/mcc.c estimated size: 38

C:\Program Files (x86)\Microchip\xc8\v2.05\pic\sources\c99\common\nf_sprintf.c
		_sprintf       		CODE           	2E96	0000	83

C:\Program Files (x86)\Microchip\xc8\v2.05\pic\sources\c99\common\nf_sprintf.c estimated size: 83

C:\Program Files (x86)\Microchip\xc8\v2.05\pic\sources\c99\common\fleq.c
		___fleq        		CODE           	2CC2	0000	139

C:\Program Files (x86)\Microchip\xc8\v2.05\pic\sources\c99\common\fleq.c estimated size: 139

C:\Program Files (x86)\Microchip\xc8\v2.05\pic\sources\c99\common\abs.c
		_abs           		CODE           	3268	0000	51

C:\Program Files (x86)\Microchip\xc8\v2.05\pic\sources\c99\common\abs.c estimated size: 51

C:\Program Files (x86)\Microchip\xc8\v2.05\pic\sources\c99\common\nf_fputs.c
		_fputs         		CODE           	31CA	0000	57

C:\Program Files (x86)\Microchip\xc8\v2.05\pic\sources\c99\common\nf_fputs.c estimated size: 57

C:\Program Files (x86)\Microchip\xc8\v2.05\pic\sources\c99\common\flneg.c
		___flneg       		CODE           	32CA	0000	47

C:\Program Files (x86)\Microchip\xc8\v2.05\pic\sources\c99\common\flneg.c estimated size: 47

main.c
		_statusReport  		CODE           	242C	0000	351
		_main          		CODE           	09BA	0000	2015
		_sendString    		CODE           	2F3A	0000	83

main.c estimated size: 2449

C:\Program Files (x86)\Microchip\xc8\v2.05\pic\sources\c99\common\sprcadd.c
		___flsub       		CODE           	30C0	0000	71
		___fladd       		CODE           	1854	0000	781

C:\Program Files (x86)\Microchip\xc8\v2.05\pic\sources\c99\common\sprcadd.c estimated size: 852

C:\Program Files (x86)\Microchip\xc8\v2.05\pic\sources\c99\common\aomod.c
		___aomod       		CODE           	26D2	0000	293

C:\Program Files (x86)\Microchip\xc8\v2.05\pic\sources\c99\common\aomod.c estimated size: 293

