Microchip MPLAB XC8 Compiler V2.05 ()

Linker command line:

-W-3 --edf=C:\Program Files (x86)\Microchip\xc8\v2.05\pic\dat\en_msgs.txt \
  -cs -h+dist/default/production\gg1.X.production.sym \
  --cmf=dist/default/production\gg1.X.production.cmf -z -Q18F25K22 \
  -oC:\Users\EE475N~1.000\AppData\Local\Temp\sacg.2 \
  --defsym=__MPLAB_BUILD=1 -Mdist/default/production/gg1.X.production.map \
  -E1 -ver=XC8 --acfsm=1493 -ASTACK=0170h-05FFh -pstack=STACK \
  -ACODE=00h-07FFFh -ACONST=00h-07FFFh -ASMALLCONST=0600h-06FFhx122 \
  -AMEDIUMCONST=0600h-07FFFh -ACOMRAM=01h-05Fh -AABS1=00h-05FFh \
  -ABIGRAM=01h-05FFh -ARAM=060h-0FFh,0100h-01FFhx5 -ABANK0=060h-0FFh \
  -ABANK1=0100h-01FFh -ABANK2=0200h-02FFh -ABANK3=0300h-03FFh \
  -ABANK4=0400h-04FFh -ABANK5=0500h-05FFh -ASFR=0F38h-0F5Fh,0F60h-0FFFh \
  -preset_vec=00h,intcode=08h,intcodelo,powerup,init -pramtop=0600h \
  -psmallconst=SMALLCONST -pmediumconst=MEDIUMCONST -pconst=CONST \
  -AFARRAM=00h-00h -ACONFIG=0300000h-030000Dh -pconfig=CONFIG \
  -AIDLOC=0200000h-0200007h -pidloc=IDLOC -AEEDATA=0F00000h-0F000FFh \
  -peeprom_data=EEDATA \
  -prdata=COMRAM,nvrram=COMRAM,nvbit=COMRAM,rbss=COMRAM,rbit=COMRAM \
  -pfarbss=FARRAM,fardata=FARRAM,nvFARRAM=FARRAM \
  -pintsave_regs=BIGRAM,bigbss=BIGRAM,bigdata=BIGRAM -pbss=RAM \
  -pidata=CODE,irdata=CODE,ibigdata=CODE,ifardata=CODE -prparam=COMRAM \
  C:\Users\EE475N~1.000\AppData\Local\Temp\sacg.o \
  dist/default/production\gg1.X.production.o 

Object code version is 3.11

Machine type is 18F25K22

Call graph: (short form)




                Name                               Link     Load   Length Selector   Space Scale
C:\Users\EE475N~1.000\AppData\Local\Temp\sacg.o
                init                                 38       38        4        4       0
                reset_vec                             0        0        4        0       0
                idloc                            200000   200000        8   200000       0
                config                           300000   300000        E   300000       0
dist/default/production\gg1.X.production.o
                intcode                               8        8       30        4       0
                temp                                 57       57        1        1       1
                mediumconst                        7CF6     7CF6      30A     3E7B       0
                text39                             14C0     14C0        4        4       0
                text38                             1420     1420       1A        4       0
                text37                             1284     1284       40        4       0
                text36                              41C      41C      24C        4       0
                text34                             1450     1450       16        4       0
                text33                             1480     1480        C        4       0
                text32                             1118     1118       50        4       0
                text31                             14B4     14B4        8        4       0
                text30                              E9A      E9A       9E        4       0
                text29                             11B4     11B4       4C        4       0
                text28                             1200     1200       44        4       0
                text27                             1168     1168       4C        4       0
                text26                             12FC     12FC       36        4       0
                text25                             14AA     14AA        A        4       0
                text24                             14A0     14A0        A        4       0
                text23                             1496     1496        A        4       0
                text22                             1244     1244       40        4       0
                text21                             1332     1332       34        4       0
                text20                             14BC     14BC        4        4       0
                text19                             1466     1466        E        4       0
                text18                             13CA     13CA       2C        4       0
                text17                             143A     143A       16        4       0
                text16                             1474     1474        C        4       0
                text15                             1076     1076       52        4       0
                text14                             148C     148C        A        4       0
                text13                              DFA      DFA       A0        4       0
                text12                             12C4     12C4       38        4       0
                text11                             13F6     13F6       2A        4       0
                text10                              F38      F38       96        4       0
                text9                              10C8     10C8       50        4       0
                text8                               A94      A94      148        4       0
                text7                               BDC      BDC      124        4       0
                text6                              1398     1398       32        4       0
                text5                               668      668      244        4       0
                text4                               8AC      8AC      1E8        4       0
                text3                               FCE      FCE       56        4       0
                text2                              1024     1024       52        4       0
                text1                               D00      D00       FA        4       0
                text0                                3C       3C      3E0        4       0
                cstackCOMRAM                          1        1       4E        1       1
                cstackBANK0                          8B       8B       25       60       1
                cstackBANK1                         100      100       50      100       1
                bssBANK1                            150      150       20      100       1
                bssBANK0                             60       60       2B       60       1
                bssCOMRAM                            4F       4F        8        1       1
                cinit                              1366     1366       32        4       0
                nvBANK0                              B0       B0        6       60       1

TOTAL           Name                               Link     Load   Length     Space
        CLASS   STACK          

        CLASS   CODE           
                intcode                               8        8       30         0
                init                                 38       38        4         0
                reset_vec                             0        0        4         0
                text39                             14C0     14C0        4         0
                text38                             1420     1420       1A         0
                text37                             1284     1284       40         0
                text36                              41C      41C      24C         0
                text34                             1450     1450       16         0
                text33                             1480     1480        C         0
                text32                             1118     1118       50         0
                text31                             14B4     14B4        8         0
                text30                              E9A      E9A       9E         0
                text29                             11B4     11B4       4C         0
                text28                             1200     1200       44         0
                text27                             1168     1168       4C         0
                text26                             12FC     12FC       36         0
                text25                             14AA     14AA        A         0
                text24                             14A0     14A0        A         0
                text23                             1496     1496        A         0
                text22                             1244     1244       40         0
                text21                             1332     1332       34         0
                text20                             14BC     14BC        4         0
                text19                             1466     1466        E         0
                text18                             13CA     13CA       2C         0
                text17                             143A     143A       16         0
                text16                             1474     1474        C         0
                text15                             1076     1076       52         0
                text14                             148C     148C        A         0
                text13                              DFA      DFA       A0         0
                text12                             12C4     12C4       38         0
                text11                             13F6     13F6       2A         0
                text10                              F38      F38       96         0
                text9                              10C8     10C8       50         0
                text8                               A94      A94      148         0
                text7                               BDC      BDC      124         0
                text6                              1398     1398       32         0
                text5                               668      668      244         0
                text4                               8AC      8AC      1E8         0
                text3                               FCE      FCE       56         0
                text2                              1024     1024       52         0
                text1                               D00      D00       FA         0
                text0                                3C       3C      3E0         0
                cinit                              1366     1366       32         0

        CLASS   CONST          

        CLASS   SMALLCONST     

        CLASS   MEDIUMCONST    
                mediumconst                        7CF6     7CF6      30A         0

        CLASS   COMRAM         
                temp                                 57       57        1         1
                cstackCOMRAM                          1        1       4E         1
                bssCOMRAM                            4F       4F        8         1

        CLASS   ABS1           

        CLASS   BIGRAM         

        CLASS   RAM            

        CLASS   BANK0          
                cstackBANK0                          8B       8B       25         1
                bssBANK0                             60       60       2B         1
                nvBANK0                              B0       B0        6         1

        CLASS   BANK1          
                cstackBANK1                         100      100       50         1
                bssBANK1                            150      150       20         1

        CLASS   BANK2          

        CLASS   BANK3          

        CLASS   BANK4          

        CLASS   BANK5          

        CLASS   SFR            

        CLASS   FARRAM         

        CLASS   CONFIG         
                config                           300000   300000        E         0

        CLASS   IDLOC          
                idloc                            200000   200000        8         0

        CLASS   EEDATA         



SEGMENTS        Name                           Load    Length   Top    Selector   Space  Class

                reset_vec                      000000  000004  000004         0       0  CODE    
                cstackCOMRAM                   000001  000057  000058         1       1  COMRAM  
                intcode                        000008  0014BC  0014C4         4       0  CODE    
                bssBANK0                       000060  000056  0000B6        60       1  BANK0   
                cstackBANK1                    000100  000070  000170       100       1  BANK1   
                mediumconst                    007CF6  00030A  008000      3E7B       0  MEDIUMCO
                idloc                          200000  000008  200008    200000       0  IDLOC   
                config                         300000  00000E  30000E    300000       0  CONFIG  


UNUSED ADDRESS RANGES

        Name                Unused          Largest block    Delta
        BANK0            0000B6-0000FF               4A
        BANK1            000170-0001FF               90
        BANK2            000200-0002FF              100
        BANK3            000300-0003FF              100
        BANK4            000400-0004FF              100
        BANK5            000500-0005FF              100
        BIGRAM           000058-00005F                8
                         0000B6-0000FF               4A
                         000170-0005FF              490
        CODE             000004-000007                4
                         0014C4-007CF5             6832
        COMRAM           000058-00005F                8
        CONST            000004-000007                4
                         0014C4-007CF5             6832
        EEDATA           F00000-F000FF              100
        MEDIUMCONST      0014C4-007CF5             6832
        RAM              0000B6-0000FF               4A
                         000170-0005FF              100
        SFR              000F38-000FFF               28
        SMALLCONST       0014C4-007CF5              100
        STACK            000170-0005FF              490

                                  Symbol Table

?___aodiv                                       cstackCOMRAM 000008
?___aomod                                       cstackCOMRAM 000008
?_abs                                           cstackCOMRAM 00001A
?_ctoa                                          cstackCOMRAM 000025
?_dtoa                                          cstackCOMRAM 000025
?_pad                                           cstackCOMRAM 00001A
?_sprintf                                       cstackBANK0  00009E
?_strlen                                        cstackCOMRAM 000008
?_vfpfcnvrt                                     cstackCOMRAM 000049
?_vfprintf                                      cstackBANK0  000096
EUSART1_SetErrorHandler@interruptHandler        cstackCOMRAM 000008
EUSART1_SetFramingErrorHandler@interruptHandler cstackCOMRAM 000008
EUSART1_SetOverrunErrorHandler@interruptHandler cstackCOMRAM 000008
EUSART1_Write@txData                            cstackCOMRAM 000008
I2C1_ISR@i2c_10bit_address_restart              bssCOMRAM    000051
I2C1_ISR@i2c_address                            bssCOMRAM    000055
I2C1_ISR@i2c_bytes_left                         bssCOMRAM    000052
I2C1_ISR@pi2c_buf_ptr                           bssBANK0     00006D
I2C1_MasterRead@address                         cstackCOMRAM 000014
I2C1_MasterRead@length                          cstackCOMRAM 000013
I2C1_MasterRead@pdata                           cstackCOMRAM 000011
I2C1_MasterRead@pflag                           cstackCOMRAM 000016
I2C1_MasterRead@trBlock                         bssBANK0     000078
I2C1_MasterReadTRBBuild@address                 cstackCOMRAM 00000D
I2C1_MasterReadTRBBuild@length                  cstackCOMRAM 00000C
I2C1_MasterReadTRBBuild@pdata                   cstackCOMRAM 00000A
I2C1_MasterReadTRBBuild@ptrb                    cstackCOMRAM 000008
I2C1_MasterTRBInsert@count                      cstackCOMRAM 00000D
I2C1_MasterTRBInsert@pflag                      cstackCOMRAM 00000A
I2C1_MasterTRBInsert@ptrb_list                  cstackCOMRAM 000008
I2C1_MasterWrite@address                        cstackCOMRAM 000014
I2C1_MasterWrite@length                         cstackCOMRAM 000013
I2C1_MasterWrite@pdata                          cstackCOMRAM 000011
I2C1_MasterWrite@pflag                          cstackCOMRAM 000016
I2C1_MasterWrite@trBlock                        bssBANK0     00007D
I2C1_MasterWriteTRBBuild@address                cstackCOMRAM 00000D
I2C1_MasterWriteTRBBuild@length                 cstackCOMRAM 00000C
I2C1_MasterWriteTRBBuild@pdata                  cstackCOMRAM 00000A
I2C1_MasterWriteTRBBuild@ptrb                   cstackCOMRAM 000008
I2C1_Stop@completion_code                       cstackCOMRAM 000003
SRAM@a                                          cstackCOMRAM 00000B
SRAM@b                                          cstackCOMRAM 000008
SRAM@c                                          cstackCOMRAM 000009
SRAM@d                                          cstackCOMRAM 00000A
_ANSELA                                         (abs)        000F38
_ANSELB                                         (abs)        000F39
_ANSELC                                         (abs)        000F3A
_BAUDCON1                                       (abs)        000FB8
_EUSART1_DefaultErrorHandler                    (abs)        000000
_EUSART1_DefaultFramingErrorHandler             (abs)        000000
_EUSART1_DefaultOverrunErrorHandler             (abs)        000000
_EUSART1_ErrorHandler                           nvBANK0      0000B0
_EUSART1_FramingErrorHandler                    nvBANK0      0000B4
_EUSART1_Initialize                             text22       001244
_EUSART1_OverrunErrorHandler                    nvBANK0      0000B2
_EUSART1_Read                                   text34       001450
_EUSART1_SetErrorHandler                        text25       0014AA
_EUSART1_SetFramingErrorHandler                 text24       0014A0
_EUSART1_SetOverrunErrorHandler                 text23       001496
_EUSART1_Write                                  text16       001474
_EUSART1_is_rx_ready                            text33       001480
_I2C1_BusCollisionISR                           text39       0014C0
_I2C1_FunctionComplete                          text38       001420
_I2C1_ISR                                       text36       00041C
_I2C1_Initialize                                text21       001332
_I2C1_MasterRead                                text29       0011B4
_I2C1_MasterReadTRBBuild                        text32       001118
_I2C1_MasterTRBInsert                           text30       000E9A
_I2C1_MasterWrite                               text27       001168
_I2C1_MasterWriteTRBBuild                       text28       001200
_I2C1_Stop                                      text37       001284
_I2C1_WaitForLastPacketToComplete               text31       0014B4
_INTCON2bits                                    (abs)        000FF1
_INTCONbits                                     (abs)        000FF2
_INTERRUPT_Initialize                           text20       0014BC
_INTERRUPT_InterruptManager                     intcode      000008
_LATA                                           (abs)        000F89
_LATB                                           (abs)        000F8A
_LATBbits                                       (abs)        000F8A
_LATC                                           (abs)        000F8B
_LATCbits                                       (abs)        000F8B
_OSCCON                                         (abs)        000FD3
_OSCCON2                                        (abs)        000FD2
_OSCILLATOR_Initialize                          text19       001466
_OSCTUNE                                        (abs)        000F9B
_PIE1bits                                       (abs)        000F9D
_PIE2bits                                       (abs)        000FA0
_PIN_MANAGER_Initialize                         text18       0013CA
_PIR1bits                                       (abs)        000F9E
_PIR2bits                                       (abs)        000FA1
_RCONbits                                       (abs)        000FD0
_RCREG1                                         (abs)        000FAE
_RCSTA1                                         (abs)        000FAB
_RCSTA1bits                                     (abs)        000FAB
_SPBRG1                                         (abs)        000FAF
_SPBRGH1                                        (abs)        000FB0
_SRAM                                           text26       0012FC
_SSP1ADD                                        (abs)        000FC8
_SSP1BUF                                        (abs)        000FC9
_SSP1CON1                                       (abs)        000FC6
_SSP1CON1bits                                   (abs)        000FC6
_SSP1CON2bits                                   (abs)        000FC5
_SSP1CON3                                       (abs)        000FCB
_SSP1STAT                                       (abs)        000FC7
_SYSTEM_Initialize                              text17       00143A
_TRISA                                          (abs)        000F92
_TRISB                                          (abs)        000F93
_TRISC                                          (abs)        000F94
_TXREG1                                         (abs)        000FAD
_TXSTA1                                         (abs)        000FAC
_TXSTA1bits                                     (abs)        000FAC
_WPUB                                           (abs)        000F61
__CFG_BOREN$SBORDIS                             (abs)        000000
__CFG_BORV$190                                  (abs)        000000
__CFG_CCP2MX$PORTC1                             (abs)        000000
__CFG_CCP3MX$PORTB5                             (abs)        000000
__CFG_CP0$OFF                                   (abs)        000000
__CFG_CP1$OFF                                   (abs)        000000
__CFG_CP2$OFF                                   (abs)        000000
__CFG_CP3$OFF                                   (abs)        000000
__CFG_CPB$OFF                                   (abs)        000000
__CFG_CPD$OFF                                   (abs)        000000
__CFG_DEBUG$OFF                                 (abs)        000000
__CFG_EBTR0$OFF                                 (abs)        000000
__CFG_EBTR1$OFF                                 (abs)        000000
__CFG_EBTR2$OFF                                 (abs)        000000
__CFG_EBTR3$OFF                                 (abs)        000000
__CFG_EBTRB$OFF                                 (abs)        000000
__CFG_FCMEN$OFF                                 (abs)        000000
__CFG_FOSC$INTIO67                              (abs)        000000
__CFG_HFOFST$ON                                 (abs)        000000
__CFG_IESO$OFF                                  (abs)        000000
__CFG_LVP$ON                                    (abs)        000000
__CFG_MCLRE$EXTMCLR                             (abs)        000000
__CFG_P2BMX$PORTB5                              (abs)        000000
__CFG_PBADEN$ON                                 (abs)        000000
__CFG_PLLCFG$OFF                                (abs)        000000
__CFG_PRICLKEN$ON                               (abs)        000000
__CFG_PWRTEN$OFF                                (abs)        000000
__CFG_STVREN$ON                                 (abs)        000000
__CFG_T3CMX$PORTC0                              (abs)        000000
__CFG_WDTEN$OFF                                 (abs)        000000
__CFG_WDTPS$32768                               (abs)        000000
__CFG_WRT0$OFF                                  (abs)        000000
__CFG_WRT1$OFF                                  (abs)        000000
__CFG_WRT2$OFF                                  (abs)        000000
__CFG_WRT3$OFF                                  (abs)        000000
__CFG_WRTB$OFF                                  (abs)        000000
__CFG_WRTC$OFF                                  (abs)        000000
__CFG_WRTD$OFF                                  (abs)        000000
__CFG_XINST$OFF                                 (abs)        000000
__HRAM                                          (abs)        000000
__Habs1                                         abs1         000000
__Hbank0                                        bank0        000000
__Hbank1                                        bank1        000000
__Hbank2                                        bank2        000000
__Hbank3                                        bank3        000000
__Hbank4                                        bank4        000000
__Hbank5                                        bank5        000000
__Hbigbss                                       bigbss       000000
__Hbigdata                                      bigdata      000000
__Hbigram                                       bigram       000000
__Hbss                                          bss          000000
__HbssBANK0                                     bssBANK0     000000
__HbssBANK1                                     bssBANK1     000000
__HbssCOMRAM                                    bssCOMRAM    000000
__Hcinit                                        cinit        000000
__Hclrtext                                      clrtext      000000
__Hcomram                                       comram       000000
__Hconfig                                       config       30000E
__Hconst                                        const        000000
__HcstackBANK0                                  cstackBANK0  000000
__HcstackBANK1                                  cstackBANK1  000000
__HcstackCOMRAM                                 cstackCOMRAM 000000
__Hdata                                         data         000000
__Heeprom_data                                  eeprom_data  000000
__Hfarbss                                       farbss       000000
__Hfardata                                      fardata      000000
__Hibigdata                                     ibigdata     000000
__Hidata                                        idata        000000
__Hidloc                                        idloc        200008
__Hifardata                                     ifardata     000000
__Hinit                                         init         00003C
__Hintcode                                      intcode      000038
__Hintcode_body                                 intcode_body 000000
__Hintcodelo                                    intcodelo    000038
__Hintentry                                     intentry     000000
__Hintret                                       intret       000000
__Hintsave_regs                                 intsave_regs 000000
__Hirdata                                       irdata       000000
__Hmediumconst                                  mediumconst  008000
__HnvBANK0                                      nvBANK0      000000
__HnvFARRAM                                     nvFARRAM     000000
__Hnvbit                                        nvbit        000000
__Hnvrram                                       nvrram       000000
__Hparam                                        rparam       000000
__Hpowerup                                      powerup      000038
__Hram                                          ram          000000
__Hramtop                                       ramtop       000600
__Hrbit                                         rbit         000000
__Hrbss                                         rbss         000000
__Hrdata                                        rdata        000000
__Hreset_vec                                    reset_vec    000004
__Hrparam                                       rparam       000000
__Hsfr                                          sfr          000000
__Hsmallconst                                   smallconst   000000
__Hspace_0                                      (abs)        30000E
__Hspace_1                                      (abs)        000170
__Hspace_2                                      (abs)        000000
__Hstack                                        stack        000000
__Hstruct                                       struct       000000
__Htemp                                         temp         000058
__Htext                                         text         000000
__Htext0                                        text0        000000
__Htext1                                        text1        000000
__Htext10                                       text10       000000
__Htext11                                       text11       000000
__Htext12                                       text12       000000
__Htext13                                       text13       000000
__Htext14                                       text14       000000
__Htext15                                       text15       000000
__Htext16                                       text16       000000
__Htext17                                       text17       000000
__Htext18                                       text18       000000
__Htext19                                       text19       000000
__Htext2                                        text2        000000
__Htext20                                       text20       000000
__Htext21                                       text21       000000
__Htext22                                       text22       000000
__Htext23                                       text23       000000
__Htext24                                       text24       000000
__Htext25                                       text25       000000
__Htext26                                       text26       000000
__Htext27                                       text27       000000
__Htext28                                       text28       000000
__Htext29                                       text29       000000
__Htext3                                        text3        000000
__Htext30                                       text30       000000
__Htext31                                       text31       000000
__Htext32                                       text32       000000
__Htext33                                       text33       000000
__Htext34                                       text34       000000
__Htext36                                       text36       000000
__Htext37                                       text37       000000
__Htext38                                       text38       000000
__Htext39                                       text39       000000
__Htext4                                        text4        000000
__Htext5                                        text5        000000
__Htext6                                        text6        000000
__Htext7                                        text7        000000
__Htext8                                        text8        000000
__Htext9                                        text9        000000
__LRAM                                          (abs)        000001
__Labs1                                         abs1         000000
__Lbank0                                        bank0        000000
__Lbank1                                        bank1        000000
__Lbank2                                        bank2        000000
__Lbank3                                        bank3        000000
__Lbank4                                        bank4        000000
__Lbank5                                        bank5        000000
__Lbigbss                                       bigbss       000000
__Lbigdata                                      bigdata      000000
__Lbigram                                       bigram       000000
__Lbss                                          bss          000000
__LbssBANK0                                     bssBANK0     000000
__LbssBANK1                                     bssBANK1     000000
__LbssCOMRAM                                    bssCOMRAM    000000
__Lcinit                                        cinit        000000
__Lclrtext                                      clrtext      000000
__Lcomram                                       comram       000000
__Lconfig                                       config       300000
__Lconst                                        const        000000
__LcstackBANK0                                  cstackBANK0  000000
__LcstackBANK1                                  cstackBANK1  000000
__LcstackCOMRAM                                 cstackCOMRAM 000000
__Ldata                                         data         000000
__Leeprom_data                                  eeprom_data  000000
__Lfarbss                                       farbss       000000
__Lfardata                                      fardata      000000
__Libigdata                                     ibigdata     000000
__Lidata                                        idata        000000
__Lidloc                                        idloc        200000
__Lifardata                                     ifardata     000000
__Linit                                         init         000038
__Lintcode                                      intcode      000008
__Lintcode_body                                 intcode_body 000000
__Lintcodelo                                    intcodelo    000038
__Lintentry                                     intentry     000000
__Lintret                                       intret       000000
__Lintsave_regs                                 intsave_regs 000000
__Lirdata                                       irdata       000000
__Lmediumconst                                  mediumconst  007CF6
__LnvBANK0                                      nvBANK0      000000
__LnvFARRAM                                     nvFARRAM     000000
__Lnvbit                                        nvbit        000000
__Lnvrram                                       nvrram       000000
__Lparam                                        rparam       000000
__Lpowerup                                      powerup      000038
__Lram                                          ram          000000
__Lramtop                                       ramtop       000600
__Lrbit                                         rbit         000000
__Lrbss                                         rbss         000000
__Lrdata                                        rdata        000000
__Lreset_vec                                    reset_vec    000000
__Lrparam                                       rparam       000000
__Lsfr                                          sfr          000000
__Lsmallconst                                   smallconst   000000
__Lspace_0                                      (abs)        000000
__Lspace_1                                      (abs)        000000
__Lspace_2                                      (abs)        000000
__Lstack                                        stack        000000
__Lstruct                                       struct       000000
__Ltemp                                         temp         000057
__Ltext                                         text         000000
__Ltext0                                        text0        000000
__Ltext1                                        text1        000000
__Ltext10                                       text10       000000
__Ltext11                                       text11       000000
__Ltext12                                       text12       000000
__Ltext13                                       text13       000000
__Ltext14                                       text14       000000
__Ltext15                                       text15       000000
__Ltext16                                       text16       000000
__Ltext17                                       text17       000000
__Ltext18                                       text18       000000
__Ltext19                                       text19       000000
__Ltext2                                        text2        000000
__Ltext20                                       text20       000000
__Ltext21                                       text21       000000
__Ltext22                                       text22       000000
__Ltext23                                       text23       000000
__Ltext24                                       text24       000000
__Ltext25                                       text25       000000
__Ltext26                                       text26       000000
__Ltext27                                       text27       000000
__Ltext28                                       text28       000000
__Ltext29                                       text29       000000
__Ltext3                                        text3        000000
__Ltext30                                       text30       000000
__Ltext31                                       text31       000000
__Ltext32                                       text32       000000
__Ltext33                                       text33       000000
__Ltext34                                       text34       000000
__Ltext36                                       text36       000000
__Ltext37                                       text37       000000
__Ltext38                                       text38       000000
__Ltext39                                       text39       000000
__Ltext4                                        text4        000000
__Ltext5                                        text5        000000
__Ltext6                                        text6        000000
__Ltext7                                        text7        000000
__Ltext8                                        text8        000000
__Ltext9                                        text9        000000
__S0                                            (abs)        30000E
__S1                                            (abs)        000170
__S2                                            (abs)        000000
___aodiv                                        text8        000A94
___aodiv@counter                                cstackCOMRAM 000018
___aodiv@dividend                               cstackCOMRAM 000008
___aodiv@divisor                                cstackCOMRAM 000010
___aodiv@quotient                               cstackCOMRAM 00001A
___aodiv@sign                                   cstackCOMRAM 000019
___aomod                                        text7        000BDC
___aomod@counter                                cstackCOMRAM 000018
___aomod@dividend                               cstackCOMRAM 000008
___aomod@divisor                                cstackCOMRAM 000010
___aomod@sign                                   cstackCOMRAM 000019
___inthi_sp                                     stack        000000
___intlo_sp                                     stack        000000
___param_bank                                   (abs)        000000
___rparam_used                                  (abs)        000001
___sp                                           stack        000000
__accesstop                                     (abs)        000060
__activetblptr                                  (abs)        000002
__end_of_EUSART1_Initialize                     text22       001284
__end_of_EUSART1_Read                           text34       001466
__end_of_EUSART1_SetErrorHandler                text25       0014B4
__end_of_EUSART1_SetFramingErrorHandler         text24       0014AA
__end_of_EUSART1_SetOverrunErrorHandler         text23       0014A0
__end_of_EUSART1_Write                          text16       001480
__end_of_EUSART1_is_rx_ready                    text33       00148C
__end_of_I2C1_BusCollisionISR                   text39       0014C4
__end_of_I2C1_FunctionComplete                  text38       00143A
__end_of_I2C1_ISR                               text36       000668
__end_of_I2C1_Initialize                        text21       001366
__end_of_I2C1_MasterRead                        text29       001200
__end_of_I2C1_MasterReadTRBBuild                text32       001168
__end_of_I2C1_MasterTRBInsert                   text30       000F38
__end_of_I2C1_MasterWrite                       text27       0011B4
__end_of_I2C1_MasterWriteTRBBuild               text28       001244
__end_of_I2C1_Stop                              text37       0012C4
__end_of_I2C1_WaitForLastPacketToComplete       text31       0014BC
__end_of_INTERRUPT_Initialize                   text20       0014C0
__end_of_INTERRUPT_InterruptManager             intcode      000038
__end_of_OSCILLATOR_Initialize                  text19       001474
__end_of_PIN_MANAGER_Initialize                 text18       0013F6
__end_of_SRAM                                   text26       001332
__end_of_SYSTEM_Initialize                      text17       001450
__end_of___aodiv                                text8        000BDC
__end_of___aomod                                text7        000D00
__end_of__initialization                        cinit        00138A
__end_of_abs                                    text6        0013CA
__end_of_ctoa                                   text9        001118
__end_of_dtoa                                   text5        0008AC
__end_of_fputc                                  text13       000E9A
__end_of_fputs                                  text12       0012FC
__end_of_main                                   text0        00041C
__end_of_pad                                    text10       000FCE
__end_of_putch                                  text14       001496
__end_of_sendString                             text15       0010C8
__end_of_sprintf                                text2        001076
__end_of_statusReport                           text1        000DFA
__end_of_strlen                                 text11       001420
__end_of_vfpfcnvrt                              text4        000A94
__end_of_vfprintf                               text3        001024
__initialization                                cinit        001366
__mediumconst                                   mediumconst  007CF6
__pbssBANK0                                     bssBANK0     000060
__pbssBANK1                                     bssBANK1     000150
__pbssCOMRAM                                    bssCOMRAM    00004F
__pcinit                                        cinit        001366
__pcstackBANK0                                  cstackBANK0  00008B
__pcstackBANK1                                  cstackBANK1  000100
__pcstackCOMRAM                                 cstackCOMRAM 000001
__pintcode                                      intcode      000008
__pmediumconst                                  mediumconst  007CF6
__pnvBANK0                                      nvBANK0      0000B0
__ptext0                                        text0        00003C
__ptext1                                        text1        000D00
__ptext10                                       text10       000F38
__ptext11                                       text11       0013F6
__ptext12                                       text12       0012C4
__ptext13                                       text13       000DFA
__ptext14                                       text14       00148C
__ptext15                                       text15       001076
__ptext16                                       text16       001474
__ptext17                                       text17       00143A
__ptext18                                       text18       0013CA
__ptext19                                       text19       001466
__ptext2                                        text2        001024
__ptext20                                       text20       0014BC
__ptext21                                       text21       001332
__ptext22                                       text22       001244
__ptext23                                       text23       001496
__ptext24                                       text24       0014A0
__ptext25                                       text25       0014AA
__ptext26                                       text26       0012FC
__ptext27                                       text27       001168
__ptext28                                       text28       001200
__ptext29                                       text29       0011B4
__ptext3                                        text3        000FCE
__ptext30                                       text30       000E9A
__ptext31                                       text31       0014B4
__ptext32                                       text32       001118
__ptext33                                       text33       001480
__ptext34                                       text34       001450
__ptext36                                       text36       00041C
__ptext37                                       text37       001284
__ptext38                                       text38       001420
__ptext39                                       text39       0014C0
__ptext4                                        text4        0008AC
__ptext5                                        text5        000668
__ptext6                                        text6        001398
__ptext7                                        text7        000BDC
__ptext8                                        text8        000A94
__ptext9                                        text9        0010C8
__ramtop                                        ramtop       000600
__size_of_EUSART1_Initialize                    (abs)        000000
__size_of_EUSART1_Read                          (abs)        000000
__size_of_EUSART1_SetErrorHandler               (abs)        000000
__size_of_EUSART1_SetFramingErrorHandler        (abs)        000000
__size_of_EUSART1_SetOverrunErrorHandler        (abs)        000000
__size_of_EUSART1_Write                         (abs)        000000
__size_of_EUSART1_is_rx_ready                   (abs)        000000
__size_of_I2C1_BusCollisionISR                  (abs)        000000
__size_of_I2C1_FunctionComplete                 (abs)        000000
__size_of_I2C1_ISR                              (abs)        000000
__size_of_I2C1_Initialize                       (abs)        000000
__size_of_I2C1_MasterRead                       (abs)        000000
__size_of_I2C1_MasterReadTRBBuild               (abs)        000000
__size_of_I2C1_MasterTRBInsert                  (abs)        000000
__size_of_I2C1_MasterWrite                      (abs)        000000
__size_of_I2C1_MasterWriteTRBBuild              (abs)        000000
__size_of_I2C1_Stop                             (abs)        000000
__size_of_I2C1_WaitForLastPacketToComplete      (abs)        000000
__size_of_INTERRUPT_Initialize                  (abs)        000000
__size_of_INTERRUPT_InterruptManager            (abs)        000000
__size_of_OSCILLATOR_Initialize                 (abs)        000000
__size_of_PIN_MANAGER_Initialize                (abs)        000000
__size_of_SRAM                                  (abs)        000000
__size_of_SYSTEM_Initialize                     (abs)        000000
__size_of___aodiv                               (abs)        000000
__size_of___aomod                               (abs)        000000
__size_of_abs                                   (abs)        000000
__size_of_ctoa                                  (abs)        000000
__size_of_dtoa                                  (abs)        000000
__size_of_fputc                                 (abs)        000000
__size_of_fputs                                 (abs)        000000
__size_of_main                                  (abs)        000000
__size_of_pad                                   (abs)        000000
__size_of_putch                                 (abs)        000000
__size_of_sendString                            (abs)        000000
__size_of_sprintf                               (abs)        000000
__size_of_statusReport                          (abs)        000000
__size_of_strlen                                (abs)        000000
__size_of_vfpfcnvrt                             (abs)        000000
__size_of_vfprintf                              (abs)        000000
__smallconst                                    smallconst   000000
_abs                                            text6        001398
_command                                        bssBANK0     000088
_ctoa                                           text9        0010C8
_dbuf                                           bssBANK1     000150
_dis                                            bssBANK0     000075
_dtoa                                           text5        000668
_dtoa$1335                                      cstackCOMRAM 000037
_eusart1RxLastError                             bssBANK0     000077
_flags                                          bssCOMRAM    00004F
_fputc                                          text13       000DFA
_fputs                                          text12       0012C4
_i2c1_object                                    bssBANK0     000060
_i2c1_state                                     bssCOMRAM    000054
_i2c1_tr_queue                                  bssBANK0     000082
_i2c1_trb_count                                 bssCOMRAM    000053
_length                                         bssBANK0     000076
_level                                          bssBANK0     000087
_main                                           text0        00003C
_nout                                           bssBANK0     000067
_p_i2c1_current                                 bssBANK0     00006F
_p_i2c1_trb_current                             bssBANK0     000071
_p_status                                       bssBANK0     000089
_pad                                            text10       000F38
_prec                                           bssBANK0     00006B
_putch                                          text14       00148C
_sendString                                     text15       001076
_sprintf                                        text2        001024
_statusReport                                   text1        000D00
_strlen                                         text11       0013F6
_userIn                                         bssBANK0     000074
_vfpfcnvrt                                      text4        0008AC
_vfprintf                                       text3        000FCE
_w_status                                       bssBANK0     00008A
_width                                          bssBANK0     000069
_x                                              bssBANK0     000073
abs@a                                           cstackCOMRAM 00001A
btemp                                           temp         000057
ctoa@c                                          cstackCOMRAM 000027
ctoa@fp                                         cstackCOMRAM 000025
ctoa@w                                          cstackCOMRAM 000028
dtoa@d                                          cstackCOMRAM 000027
dtoa@fp                                         cstackCOMRAM 000025
dtoa@i                                          cstackCOMRAM 000047
dtoa@n                                          cstackCOMRAM 00003F
dtoa@p                                          cstackCOMRAM 000039
dtoa@s                                          cstackCOMRAM 00003D
dtoa@w                                          cstackCOMRAM 00003B
end_of_initialization                           cinit        00138A
fputc@c                                         cstackCOMRAM 00000A
fputc@fp                                        cstackCOMRAM 00000C
fputs@c                                         cstackCOMRAM 000017
fputs@fp                                        cstackCOMRAM 000015
fputs@i                                         cstackCOMRAM 000018
fputs@s                                         cstackCOMRAM 000013
int$flags                                       temp         000057
intlevel0                                       text         000000
intlevel1                                       text         000000
intlevel2                                       text         000000
intlevel3                                       text         000000
pad@buf                                         cstackCOMRAM 00001C
pad@fp                                          cstackCOMRAM 00001A
pad@i                                           cstackCOMRAM 000021
pad@p                                           cstackCOMRAM 00001E
pad@w                                           cstackCOMRAM 000023
putch@txData                                    cstackCOMRAM 000009
sendString@str                                  cstackCOMRAM 000009
sprintf@ap                                      cstackBANK0  0000A6
sprintf@f                                       cstackBANK0  0000A8
sprintf@fmt                                     cstackBANK0  0000A0
sprintf@s                                       cstackBANK0  00009E
stackhi                                         (abs)        0005FF
stacklo                                         (abs)        000170
start                                           init         000038
start_initialization                            cinit        001366
statusReport@buffer                             cstackBANK1  000100
strlen@a                                        cstackCOMRAM 00000A
strlen@s                                        cstackCOMRAM 000008
ttemp5                                          temp         000058
ttemp6                                          temp         00005B
ttemp7                                          temp         00005F
vfpfcnvrt@ap                                    cstackCOMRAM 00004D
vfpfcnvrt@c                                     cstackBANK0  000095
vfpfcnvrt@fmt                                   cstackCOMRAM 00004B
vfpfcnvrt@fp                                    cstackCOMRAM 000049
vfpfcnvrt@ll                                    cstackBANK0  00008D
vfprintf@ap                                     cstackBANK0  00009A
vfprintf@cfmt                                   cstackBANK0  00009C
vfprintf@fmt                                    cstackBANK0  000098
vfprintf@fp                                     cstackBANK0  000096
wtemp8                                          temp         000058


FUNCTION INFORMATION:

 *************** function _main *****************
 Defined at:
		line 99 in file "main.c"
 Parameters:    Size  Location     Type
		None
 Auto vars:     Size  Location     Type
		None
 Return value:  Size  Location     Type
                  1    wreg      void 
 Registers used:
		wreg, fsr1l, fsr1h, fsr2l, fsr2h, status,2, status,0, tblptrl, tblptrh, tblptru, cstack
 Tracked objects:
		On entry : 
		On exit  : 
		Unchanged: 
 Data sizes:     COMRAM   BANK0   BANK1   BANK2   BANK3   BANK4   BANK5
      Params:         0       0       0       0       0       0       0
      Locals:         0       0       0       0       0       0       0
      Temps:          0       2       0       0       0       0       0
      Totals:         0       2       0       0       0       0       0
Total ram usage:        2 bytes
 Hardware stack levels required when called:   13
 This function calls:
		_EUSART1_Read
		_EUSART1_is_rx_ready
		_I2C1_MasterRead
		_I2C1_MasterWrite
		_SRAM
		_SYSTEM_Initialize
		_sendString
		_statusReport
 This function is called by:
		Startup code after reset
 This function uses a non-reentrant model


 *************** function _statusReport *****************
 Defined at:
		line 75 in file "main.c"
 Parameters:    Size  Location     Type
		None
 Auto vars:     Size  Location     Type
  buffer         80    0[BANK1 ] unsigned char [80]
 Return value:  Size  Location     Type
                  1    wreg      void 
 Registers used:
		wreg, fsr1l, fsr1h, fsr2l, fsr2h, status,2, status,0, tblptrl, tblptrh, tblptru, cstack
 Tracked objects:
		On entry : 
		On exit  : 
		Unchanged: 
 Data sizes:     COMRAM   BANK0   BANK1   BANK2   BANK3   BANK4   BANK5
      Params:         0       0       0       0       0       0       0
      Locals:         0       0      80       0       0       0       0
      Temps:          0       0       0       0       0       0       0
      Totals:         0       0      80       0       0       0       0
Total ram usage:       80 bytes
 Hardware stack levels used:    1
 Hardware stack levels required when called:   12
 This function calls:
		_sendString
		_sprintf
 This function is called by:
		_main
 This function uses a non-reentrant model


 *************** function _sprintf *****************
 Defined at:
		line 9 in file "C:\Program Files (x86)\Microchip\xc8\v2.05\pic\sources\c99\common\nf_sprintf.c"
 Parameters:    Size  Location     Type
  s               2   19[BANK0 ] PTR unsigned char 
		 -> statusReport@buffer(80), 
  fmt             2   21[BANK0 ] PTR const unsigned char 
		 -> STR_5(32), STR_3(31), 
 Auto vars:     Size  Location     Type
  f               6   29[BANK0 ] struct _IO_FILE
  ap              2   27[BANK0 ] PTR void [1]
		 -> ?_sprintf(2), 
  ret             2    0        int 
 Return value:  Size  Location     Type
                  2   19[BANK0 ] int 
 Registers used:
		wreg, fsr1l, fsr1h, fsr2l, fsr2h, status,2, status,0, tblptrl, tblptrh, tblptru, cstack
 Tracked objects:
		On entry : 
		On exit  : 
		Unchanged: 
 Data sizes:     COMRAM   BANK0   BANK1   BANK2   BANK3   BANK4   BANK5
      Params:         0       6       0       0       0       0       0
      Locals:         0      10       0       0       0       0       0
      Temps:          0       0       0       0       0       0       0
      Totals:         0      16       0       0       0       0       0
Total ram usage:       16 bytes
 Hardware stack levels used:    1
 Hardware stack levels required when called:   11
 This function calls:
		_vfprintf
 This function is called by:
		_statusReport
 This function uses a non-reentrant model


 *************** function _vfprintf *****************
 Defined at:
		line 1368 in file "C:\Program Files (x86)\Microchip\xc8\v2.05\pic\sources\c99\common\doprnt.c"
 Parameters:    Size  Location     Type
  fp              2   11[BANK0 ] PTR struct _IO_FILE
		 -> sprintf@f(6), 
  fmt             2   13[BANK0 ] PTR const unsigned char 
		 -> STR_5(32), STR_3(31), 
  ap              2   15[BANK0 ] PTR PTR void 
		 -> sprintf@ap(2), 
 Auto vars:     Size  Location     Type
  cfmt            2   17[BANK0 ] PTR unsigned char 
		 -> STR_5(32), STR_3(31), 
 Return value:  Size  Location     Type
                  2   11[BANK0 ] int 
 Registers used:
		wreg, fsr1l, fsr1h, fsr2l, fsr2h, status,2, status,0, tblptrl, tblptrh, tblptru, cstack
 Tracked objects:
		On entry : 
		On exit  : 
		Unchanged: 
 Data sizes:     COMRAM   BANK0   BANK1   BANK2   BANK3   BANK4   BANK5
      Params:         0       6       0       0       0       0       0
      Locals:         0       2       0       0       0       0       0
      Temps:          0       0       0       0       0       0       0
      Totals:         0       8       0       0       0       0       0
Total ram usage:        8 bytes
 Hardware stack levels used:    1
 Hardware stack levels required when called:   10
 This function calls:
		_vfpfcnvrt
 This function is called by:
		_sprintf
 This function uses a non-reentrant model


 *************** function _vfpfcnvrt *****************
 Defined at:
		line 670 in file "C:\Program Files (x86)\Microchip\xc8\v2.05\pic\sources\c99\common\doprnt.c"
 Parameters:    Size  Location     Type
  fp              2   72[COMRAM] PTR struct _IO_FILE
		 -> sprintf@f(6), 
  fmt             2   74[COMRAM] PTR PTR unsigned char 
		 -> vfprintf@cfmt(2), 
  ap              2   76[COMRAM] PTR PTR void 
		 -> sprintf@ap(2), 
 Auto vars:     Size  Location     Type
  ll              8    2[BANK0 ] long long 
  llu             8    0        unsigned long long 
  f               4    0        unsigned long long 
  vp              3    0        PTR void 
  ct              3    0        unsigned char [3]
  cp              3    0        PTR unsigned char 
  i               2    0        int 
  done            2    0        int 
  c               1   10[BANK0 ] unsigned char 
 Return value:  Size  Location     Type
                  2   72[COMRAM] int 
 Registers used:
		wreg, fsr1l, fsr1h, fsr2l, fsr2h, status,2, status,0, tblptrl, tblptrh, tblptru, cstack
 Tracked objects:
		On entry : 
		On exit  : 
		Unchanged: 
 Data sizes:     COMRAM   BANK0   BANK1   BANK2   BANK3   BANK4   BANK5
      Params:         6       0       0       0       0       0       0
      Locals:         0       9       0       0       0       0       0
      Temps:          0       2       0       0       0       0       0
      Totals:         6      11       0       0       0       0       0
Total ram usage:       17 bytes
 Hardware stack levels used:    1
 Hardware stack levels required when called:    9
 This function calls:
		_ctoa
		_dtoa
		_fputc
 This function is called by:
		_vfprintf
 This function uses a non-reentrant model


 *************** function _dtoa *****************
 Defined at:
		line 274 in file "C:\Program Files (x86)\Microchip\xc8\v2.05\pic\sources\c99\common\doprnt.c"
 Parameters:    Size  Location     Type
  fp              2   36[COMRAM] PTR struct _IO_FILE
		 -> sprintf@f(6), 
  d               8   38[COMRAM] long long 
 Auto vars:     Size  Location     Type
  n               8   62[COMRAM] long long 
  i               2   70[COMRAM] int 
  s               2   60[COMRAM] int 
  w               2   58[COMRAM] int 
  p               2   56[COMRAM] int 
 Return value:  Size  Location     Type
                  2   36[COMRAM] int 
 Registers used:
		wreg, fsr1l, fsr1h, fsr2l, fsr2h, status,2, status,0, cstack
 Tracked objects:
		On entry : 
		On exit  : 
		Unchanged: 
 Data sizes:     COMRAM   BANK0   BANK1   BANK2   BANK3   BANK4   BANK5
      Params:        10       0       0       0       0       0       0
      Locals:        18       0       0       0       0       0       0
      Temps:          8       0       0       0       0       0       0
      Totals:        36       0       0       0       0       0       0
Total ram usage:       36 bytes
 Hardware stack levels used:    1
 Hardware stack levels required when called:    8
 This function calls:
		___aodiv
		___aomod
		_abs
		_pad
 This function is called by:
		_vfpfcnvrt
 This function uses a non-reentrant model


 *************** function _abs *****************
 Defined at:
		line 1 in file "C:\Program Files (x86)\Microchip\xc8\v2.05\pic\sources\c99\common\abs.c"
 Parameters:    Size  Location     Type
  a               2   25[COMRAM] int 
 Auto vars:     Size  Location     Type
		None
 Return value:  Size  Location     Type
                  2   25[COMRAM] int 
 Registers used:
		wreg, status,2, status,0
 Tracked objects:
		On entry : 
		On exit  : 
		Unchanged: 
 Data sizes:     COMRAM   BANK0   BANK1   BANK2   BANK3   BANK4   BANK5
      Params:         2       0       0       0       0       0       0
      Locals:         0       0       0       0       0       0       0
      Temps:          2       0       0       0       0       0       0
      Totals:         4       0       0       0       0       0       0
Total ram usage:        4 bytes
 Hardware stack levels used:    1
 Hardware stack levels required when called:    3
 This function calls:
		Nothing
 This function is called by:
		_dtoa
 This function uses a non-reentrant model


 *************** function ___aomod *****************
 Defined at:
		line 9 in file "C:\Program Files (x86)\Microchip\xc8\v2.05\pic\sources\c99\common\aomod.c"
 Parameters:    Size  Location     Type
  dividend        8    7[COMRAM] long long 
  divisor         8   15[COMRAM] long long 
 Auto vars:     Size  Location     Type
  sign            1   24[COMRAM] unsigned char 
  counter         1   23[COMRAM] unsigned char 
 Return value:  Size  Location     Type
                  8    7[COMRAM] long long 
 Registers used:
		wreg, status,2, status,0
 Tracked objects:
		On entry : 
		On exit  : 
		Unchanged: 
 Data sizes:     COMRAM   BANK0   BANK1   BANK2   BANK3   BANK4   BANK5
      Params:        16       0       0       0       0       0       0
      Locals:         2       0       0       0       0       0       0
      Temps:          0       0       0       0       0       0       0
      Totals:        18       0       0       0       0       0       0
Total ram usage:       18 bytes
 Hardware stack levels used:    1
 Hardware stack levels required when called:    3
 This function calls:
		Nothing
 This function is called by:
		_dtoa
 This function uses a non-reentrant model


 *************** function ___aodiv *****************
 Defined at:
		line 9 in file "C:\Program Files (x86)\Microchip\xc8\v2.05\pic\sources\c99\common\aodiv.c"
 Parameters:    Size  Location     Type
  dividend        8    7[COMRAM] long long 
  divisor         8   15[COMRAM] long long 
 Auto vars:     Size  Location     Type
  quotient        8   25[COMRAM] long long 
  sign            1   24[COMRAM] unsigned char 
  counter         1   23[COMRAM] unsigned char 
 Return value:  Size  Location     Type
                  8    7[COMRAM] long long 
 Registers used:
		wreg, fsr2l, fsr2h, status,2, status,0
 Tracked objects:
		On entry : 
		On exit  : 
		Unchanged: 
 Data sizes:     COMRAM   BANK0   BANK1   BANK2   BANK3   BANK4   BANK5
      Params:        16       0       0       0       0       0       0
      Locals:        10       0       0       0       0       0       0
      Temps:          0       0       0       0       0       0       0
      Totals:        26       0       0       0       0       0       0
Total ram usage:       26 bytes
 Hardware stack levels used:    1
 Hardware stack levels required when called:    3
 This function calls:
		Nothing
 This function is called by:
		_dtoa
 This function uses a non-reentrant model


 *************** function _ctoa *****************
 Defined at:
		line 259 in file "C:\Program Files (x86)\Microchip\xc8\v2.05\pic\sources\c99\common\doprnt.c"
 Parameters:    Size  Location     Type
  fp              2   36[COMRAM] PTR struct _IO_FILE
		 -> sprintf@f(6), 
  c               1   38[COMRAM] unsigned char 
 Auto vars:     Size  Location     Type
  w               2   39[COMRAM] int 
  l               2    0        int 
 Return value:  Size  Location     Type
                  2   36[COMRAM] int 
 Registers used:
		wreg, fsr1l, fsr1h, fsr2l, fsr2h, status,2, status,0, cstack
 Tracked objects:
		On entry : 
		On exit  : 
		Unchanged: 
 Data sizes:     COMRAM   BANK0   BANK1   BANK2   BANK3   BANK4   BANK5
      Params:         3       0       0       0       0       0       0
      Locals:         2       0       0       0       0       0       0
      Temps:          0       0       0       0       0       0       0
      Totals:         5       0       0       0       0       0       0
Total ram usage:        5 bytes
 Hardware stack levels used:    1
 Hardware stack levels required when called:    8
 This function calls:
		_pad
 This function is called by:
		_vfpfcnvrt
 This function uses a non-reentrant model


 *************** function _pad *****************
 Defined at:
		line 72 in file "C:\Program Files (x86)\Microchip\xc8\v2.05\pic\sources\c99\common\doprnt.c"
 Parameters:    Size  Location     Type
  fp              2   25[COMRAM] PTR struct _IO_FILE
		 -> sprintf@f(6), 
  buf             2   27[COMRAM] PTR unsigned char 
		 -> dbuf(32), 
  p               2   29[COMRAM] int 
 Auto vars:     Size  Location     Type
  w               2   34[COMRAM] int 
  i               2   32[COMRAM] int 
 Return value:  Size  Location     Type
                  2   25[COMRAM] int 
 Registers used:
		wreg, fsr1l, fsr1h, fsr2l, fsr2h, status,2, status,0, cstack
 Tracked objects:
		On entry : 
		On exit  : 
		Unchanged: 
 Data sizes:     COMRAM   BANK0   BANK1   BANK2   BANK3   BANK4   BANK5
      Params:         6       0       0       0       0       0       0
      Locals:         4       0       0       0       0       0       0
      Temps:          1       0       0       0       0       0       0
      Totals:        11       0       0       0       0       0       0
Total ram usage:       11 bytes
 Hardware stack levels used:    1
 Hardware stack levels required when called:    7
 This function calls:
		_fputc
		_fputs
		_strlen
 This function is called by:
		_ctoa
		_dtoa
 This function uses a non-reentrant model


 *************** function _strlen *****************
 Defined at:
		line 12 in file "C:\Program Files (x86)\Microchip\xc8\v2.05\pic\sources\c99\common\strlen.c"
 Parameters:    Size  Location     Type
  s               2    7[COMRAM] PTR const unsigned char 
		 -> dbuf(32), 
 Auto vars:     Size  Location     Type
  a               2    9[COMRAM] PTR const unsigned char 
		 -> dbuf(32), 
 Return value:  Size  Location     Type
                  2    7[COMRAM] unsigned int 
 Registers used:
		wreg, fsr2l, fsr2h, status,2, status,0
 Tracked objects:
		On entry : 
		On exit  : 
		Unchanged: 
 Data sizes:     COMRAM   BANK0   BANK1   BANK2   BANK3   BANK4   BANK5
      Params:         2       0       0       0       0       0       0
      Locals:         2       0       0       0       0       0       0
      Temps:          0       0       0       0       0       0       0
      Totals:         4       0       0       0       0       0       0
Total ram usage:        4 bytes
 Hardware stack levels used:    1
 Hardware stack levels required when called:    3
 This function calls:
		Nothing
 This function is called by:
		_pad
 This function uses a non-reentrant model


 *************** function _fputs *****************
 Defined at:
		line 8 in file "C:\Program Files (x86)\Microchip\xc8\v2.05\pic\sources\c99\common\nf_fputs.c"
 Parameters:    Size  Location     Type
  s               2   18[COMRAM] PTR const unsigned char 
		 -> dbuf(32), 
  fp              2   20[COMRAM] PTR struct _IO_FILE
		 -> sprintf@f(6), 
 Auto vars:     Size  Location     Type
  i               2   23[COMRAM] int 
  c               1   22[COMRAM] unsigned char 
 Return value:  Size  Location     Type
                  2   18[COMRAM] int 
 Registers used:
		wreg, fsr1l, fsr1h, fsr2l, fsr2h, status,2, status,0, cstack
 Tracked objects:
		On entry : 
		On exit  : 
		Unchanged: 
 Data sizes:     COMRAM   BANK0   BANK1   BANK2   BANK3   BANK4   BANK5
      Params:         4       0       0       0       0       0       0
      Locals:         3       0       0       0       0       0       0
      Temps:          0       0       0       0       0       0       0
      Totals:         7       0       0       0       0       0       0
Total ram usage:        7 bytes
 Hardware stack levels used:    1
 Hardware stack levels required when called:    6
 This function calls:
		_fputc
 This function is called by:
		_pad
 This function uses a non-reentrant model


 *************** function _fputc *****************
 Defined at:
		line 8 in file "C:\Program Files (x86)\Microchip\xc8\v2.05\pic\sources\c99\common\nf_fputc.c"
 Parameters:    Size  Location     Type
  c               2    9[COMRAM] int 
  fp              2   11[COMRAM] PTR struct _IO_FILE
		 -> sprintf@f(6), 
 Auto vars:     Size  Location     Type
		None
 Return value:  Size  Location     Type
                  2    9[COMRAM] int 
 Registers used:
		wreg, fsr1l, fsr1h, fsr2l, fsr2h, status,2, status,0, cstack
 Tracked objects:
		On entry : 
		On exit  : 
		Unchanged: 
 Data sizes:     COMRAM   BANK0   BANK1   BANK2   BANK3   BANK4   BANK5
      Params:         4       0       0       0       0       0       0
      Locals:         0       0       0       0       0       0       0
      Temps:          5       0       0       0       0       0       0
      Totals:         9       0       0       0       0       0       0
Total ram usage:        9 bytes
 Hardware stack levels used:    1
 Hardware stack levels required when called:    5
 This function calls:
		_putch
 This function is called by:
		_pad
		_vfpfcnvrt
		_fputs
 This function uses a non-reentrant model


 *************** function _putch *****************
 Defined at:
		line 145 in file "mcc_generated_files/eusart1.c"
 Parameters:    Size  Location     Type
  txData          1    wreg     unsigned char 
 Auto vars:     Size  Location     Type
  txData          1    8[COMRAM] unsigned char 
 Return value:  Size  Location     Type
                  1    wreg      void 
 Registers used:
		wreg, status,2, cstack
 Tracked objects:
		On entry : 
		On exit  : 
		Unchanged: 
 Data sizes:     COMRAM   BANK0   BANK1   BANK2   BANK3   BANK4   BANK5
      Params:         0       0       0       0       0       0       0
      Locals:         1       0       0       0       0       0       0
      Temps:          0       0       0       0       0       0       0
      Totals:         1       0       0       0       0       0       0
Total ram usage:        1 bytes
 Hardware stack levels used:    1
 Hardware stack levels required when called:    4
 This function calls:
		_EUSART1_Write
 This function is called by:
		_fputc
 This function uses a non-reentrant model


 *************** function _sendString *****************
 Defined at:
		line 56 in file "main.c"
 Parameters:    Size  Location     Type
  str             2    8[COMRAM] PTR unsigned char 
		 -> STR_42(20), STR_41(16), STR_40(15), STR_39(22), 
		 -> STR_38(22), STR_37(22), STR_36(22), STR_35(22), 
		 -> STR_34(22), STR_33(22), STR_32(22), STR_31(22), 
		 -> STR_30(22), STR_29(22), STR_28(22), STR_27(22), 
		 -> STR_26(22), STR_25(22), STR_24(22), STR_23(22), 
		 -> STR_22(22), STR_21(22), STR_20(22), STR_19(17), 
		 -> STR_18(17), STR_17(33), STR_16(82), STR_15(10), 
		 -> STR_14(33), STR_13(37), STR_12(37), STR_11(53), 
		 -> STR_10(32), STR_9(31), STR_8(10), STR_7(48), 
		 -> STR_6(10), STR_4(10), statusReport@buffer(80), STR_2(10), 
		 -> STR_1(82), 
 Auto vars:     Size  Location     Type
		None
 Return value:  Size  Location     Type
                  1    wreg      void 
 Registers used:
		wreg, fsr1l, fsr1h, status,2, status,0, tblptrl, tblptrh, tblptru, cstack
 Tracked objects:
		On entry : 
		On exit  : 
		Unchanged: 
 Data sizes:     COMRAM   BANK0   BANK1   BANK2   BANK3   BANK4   BANK5
      Params:         2       0       0       0       0       0       0
      Locals:         0       0       0       0       0       0       0
      Temps:          0       0       0       0       0       0       0
      Totals:         2       0       0       0       0       0       0
Total ram usage:        2 bytes
 Hardware stack levels used:    1
 Hardware stack levels required when called:    4
 This function calls:
		_EUSART1_Write
 This function is called by:
		_statusReport
		_main
 This function uses a non-reentrant model


 *************** function _EUSART1_Write *****************
 Defined at:
		line 131 in file "mcc_generated_files/eusart1.c"
 Parameters:    Size  Location     Type
  txData          1    wreg     unsigned char 
 Auto vars:     Size  Location     Type
  txData          1    7[COMRAM] unsigned char 
 Return value:  Size  Location     Type
                  1    wreg      void 
 Registers used:
		wreg
 Tracked objects:
		On entry : 
		On exit  : 
		Unchanged: 
 Data sizes:     COMRAM   BANK0   BANK1   BANK2   BANK3   BANK4   BANK5
      Params:         0       0       0       0       0       0       0
      Locals:         1       0       0       0       0       0       0
      Temps:          0       0       0       0       0       0       0
      Totals:         1       0       0       0       0       0       0
Total ram usage:        1 bytes
 Hardware stack levels used:    1
 Hardware stack levels required when called:    3
 This function calls:
		Nothing
 This function is called by:
		_putch
		_sendString
 This function uses a non-reentrant model


 *************** function _SYSTEM_Initialize *****************
 Defined at:
		line 50 in file "mcc_generated_files/mcc.c"
 Parameters:    Size  Location     Type
		None
 Auto vars:     Size  Location     Type
		None
 Return value:  Size  Location     Type
                  1    wreg      void 
 Registers used:
		wreg, status,2, status,0, cstack
 Tracked objects:
		On entry : 
		On exit  : 
		Unchanged: 
 Data sizes:     COMRAM   BANK0   BANK1   BANK2   BANK3   BANK4   BANK5
      Params:         0       0       0       0       0       0       0
      Locals:         0       0       0       0       0       0       0
      Temps:          0       0       0       0       0       0       0
      Totals:         0       0       0       0       0       0       0
Total ram usage:        0 bytes
 Hardware stack levels used:    1
 Hardware stack levels required when called:    5
 This function calls:
		_EUSART1_Initialize
		_I2C1_Initialize
		_INTERRUPT_Initialize
		_OSCILLATOR_Initialize
		_PIN_MANAGER_Initialize
 This function is called by:
		_main
 This function uses a non-reentrant model


 *************** function _PIN_MANAGER_Initialize *****************
 Defined at:
		line 55 in file "mcc_generated_files/pin_manager.c"
 Parameters:    Size  Location     Type
		None
 Auto vars:     Size  Location     Type
		None
 Return value:  Size  Location     Type
                  1    wreg      void 
 Registers used:
		wreg, status,2
 Tracked objects:
		On entry : 
		On exit  : 
		Unchanged: 
 Data sizes:     COMRAM   BANK0   BANK1   BANK2   BANK3   BANK4   BANK5
      Params:         0       0       0       0       0       0       0
      Locals:         0       0       0       0       0       0       0
      Temps:          0       0       0       0       0       0       0
      Totals:         0       0       0       0       0       0       0
Total ram usage:        0 bytes
 Hardware stack levels used:    1
 Hardware stack levels required when called:    3
 This function calls:
		Nothing
 This function is called by:
		_SYSTEM_Initialize
 This function uses a non-reentrant model


 *************** function _OSCILLATOR_Initialize *****************
 Defined at:
		line 60 in file "mcc_generated_files/mcc.c"
 Parameters:    Size  Location     Type
		None
 Auto vars:     Size  Location     Type
		None
 Return value:  Size  Location     Type
                  1    wreg      void 
 Registers used:
		wreg, status,2
 Tracked objects:
		On entry : 
		On exit  : 
		Unchanged: 
 Data sizes:     COMRAM   BANK0   BANK1   BANK2   BANK3   BANK4   BANK5
      Params:         0       0       0       0       0       0       0
      Locals:         0       0       0       0       0       0       0
      Temps:          0       0       0       0       0       0       0
      Totals:         0       0       0       0       0       0       0
Total ram usage:        0 bytes
 Hardware stack levels used:    1
 Hardware stack levels required when called:    3
 This function calls:
		Nothing
 This function is called by:
		_SYSTEM_Initialize
 This function uses a non-reentrant model


 *************** function _INTERRUPT_Initialize *****************
 Defined at:
		line 52 in file "mcc_generated_files/interrupt_manager.c"
 Parameters:    Size  Location     Type
		None
 Auto vars:     Size  Location     Type
		None
 Return value:  Size  Location     Type
                  1    wreg      void 
 Registers used:
		None
 Tracked objects:
		On entry : 
		On exit  : 
		Unchanged: 
[...]
Total ram usage:        2 bytes
 Hardware stack levels used:    1
 Hardware stack levels required when called:    3
 This function calls:
		Nothing
 This function is called by:
		_EUSART1_Initialize
 This function uses a non-reentrant model


 *************** function _SRAM *****************
 Defined at:
		line 63 in file "main.c"
 Parameters:    Size  Location     Type
  a               1    wreg     unsigned char 
  b               1    7[COMRAM] unsigned char 
  c               1    8[COMRAM] unsigned char 
  d               1    9[COMRAM] unsigned char 
 Auto vars:     Size  Location     Type
  a               1   10[COMRAM] unsigned char 
 Return value:  Size  Location     Type
                  1    wreg      void 
 Registers used:
		wreg, status,2, status,0
 Tracked objects:
		On entry : 
		On exit  : 
		Unchanged: 
 Data sizes:     COMRAM   BANK0   BANK1   BANK2   BANK3   BANK4   BANK5
      Params:         3       0       0       0       0       0       0
      Locals:         1       0       0       0       0       0       0
      Temps:          0       0       0       0       0       0       0
      Totals:         4       0       0       0       0       0       0
Total ram usage:        4 bytes
 Hardware stack levels used:    1
 Hardware stack levels required when called:    3
 This function calls:
		Nothing
 This function is called by:
		_main
 This function uses a non-reentrant model


 *************** function _I2C1_MasterWrite *****************
 Defined at:
		line 600 in file "mcc_generated_files/i2c1.c"
 Parameters:    Size  Location     Type
  pdata           2   16[COMRAM] PTR unsigned char 
		 -> command(1), 
  length          1   18[COMRAM] unsigned char 
  address         2   19[COMRAM] unsigned short 
  pflag           2   21[COMRAM] PTR enum E5734
		 -> w_status(1), 
 Auto vars:     Size  Location     Type
		None
 Return value:  Size  Location     Type
                  1    wreg      void 
 Registers used:
		wreg, fsr2l, fsr2h, status,2, status,0, cstack
 Tracked objects:
		On entry : 
		On exit  : 
		Unchanged: 
 Data sizes:     COMRAM   BANK0   BANK1   BANK2   BANK3   BANK4   BANK5
      Params:         7       0       0       0       0       0       0
      Locals:         0       0       0       0       0       0       0
      Temps:          0       0       0       0       0       0       0
      Totals:         7       0       0       0       0       0       0
Total ram usage:        7 bytes
 Hardware stack levels used:    1
 Hardware stack levels required when called:    5
 This function calls:
		_I2C1_MasterTRBInsert
		_I2C1_MasterWriteTRBBuild
 This function is called by:
		_main
 This function uses a non-reentrant model


 *************** function _I2C1_MasterWriteTRBBuild *****************
 Defined at:
		line 721 in file "mcc_generated_files/i2c1.c"
 Parameters:    Size  Location     Type
  ptrb            2    7[COMRAM] PTR struct .
		 -> I2C1_MasterWrite@trBlock(5), 
  pdata           2    9[COMRAM] PTR unsigned char 
		 -> command(1), 
  length          1   11[COMRAM] unsigned char 
  address         2   12[COMRAM] unsigned short 
 Auto vars:     Size  Location     Type
		None
 Return value:  Size  Location     Type
                  1    wreg      void 
 Registers used:
		wreg, fsr2l, fsr2h, status,2, status,0
 Tracked objects:
		On entry : 
		On exit  : 
		Unchanged: 
 Data sizes:     COMRAM   BANK0   BANK1   BANK2   BANK3   BANK4   BANK5
      Params:         7       0       0       0       0       0       0
      Locals:         0       0       0       0       0       0       0
      Temps:          2       0       0       0       0       0       0
      Totals:         9       0       0       0       0       0       0
Total ram usage:        9 bytes
 Hardware stack levels used:    1
 Hardware stack levels required when called:    3
 This function calls:
		Nothing
 This function is called by:
		_I2C1_MasterWrite
 This function uses a non-reentrant model


 *************** function _I2C1_MasterRead *****************
 Defined at:
		line 621 in file "mcc_generated_files/i2c1.c"
 Parameters:    Size  Location     Type
  pdata           2   16[COMRAM] PTR unsigned char 
		 -> level(1), 
  length          1   18[COMRAM] unsigned char 
  address         2   19[COMRAM] unsigned short 
  pflag           2   21[COMRAM] PTR enum E5734
		 -> p_status(1), 
 Auto vars:     Size  Location     Type
		None
 Return value:  Size  Location     Type
                  1    wreg      void 
 Registers used:
		wreg, fsr2l, fsr2h, status,2, status,0, cstack
 Tracked objects:
		On entry : 
		On exit  : 
		Unchanged: 
 Data sizes:     COMRAM   BANK0   BANK1   BANK2   BANK3   BANK4   BANK5
      Params:         7       0       0       0       0       0       0
      Locals:         0       0       0       0       0       0       0
      Temps:          0       0       0       0       0       0       0
      Totals:         7       0       0       0       0       0       0
Total ram usage:        7 bytes
 Hardware stack levels used:    1
 Hardware stack levels required when called:    5
 This function calls:
		_I2C1_MasterReadTRBBuild
		_I2C1_MasterTRBInsert
 This function is called by:
		_main
 This function uses a non-reentrant model


 *************** function _I2C1_MasterTRBInsert *****************
 Defined at:
		line 654 in file "mcc_generated_files/i2c1.c"
 Parameters:    Size  Location     Type
  count           1    wreg     unsigned char 
  ptrb_list       2    7[COMRAM] PTR struct .
		 -> I2C1_MasterRead@trBlock(5), I2C1_MasterWrite@trBlock(5), 
  pflag           2    9[COMRAM] PTR enum E5734
		 -> w_status(1), p_status(1), 
 Auto vars:     Size  Location     Type
  count           1   12[COMRAM] unsigned char 
 Return value:  Size  Location     Type
                  1    wreg      void 
 Registers used:
		wreg, fsr2l, fsr2h, status,2, status,0, cstack
 Tracked objects:
		On entry : 
		On exit  : 
		Unchanged: 
 Data sizes:     COMRAM   BANK0   BANK1   BANK2   BANK3   BANK4   BANK5
      Params:         4       0       0       0       0       0       0
      Locals:         1       0       0       0       0       0       0
      Temps:          1       0       0       0       0       0       0
      Totals:         6       0       0       0       0       0       0
Total ram usage:        6 bytes
 Hardware stack levels used:    1
 Hardware stack levels required when called:    4
 This function calls:
		_I2C1_WaitForLastPacketToComplete
 This function is called by:
		_I2C1_MasterWrite
		_I2C1_MasterRead
 This function uses a non-reentrant model


 *************** function _I2C1_WaitForLastPacketToComplete *****************
 Defined at:
		line 644 in file "mcc_generated_files/i2c1.c"
 Parameters:    Size  Location     Type
		None
 Auto vars:     Size  Location     Type
		None
 Return value:  Size  Location     Type
                  1    wreg      void 
 Registers used:
		wreg, status,2
 Tracked objects:
		On entry : 
		On exit  : 
		Unchanged: 
 Data sizes:     COMRAM   BANK0   BANK1   BANK2   BANK3   BANK4   BANK5
      Params:         0       0       0       0       0       0       0
      Locals:         0       0       0       0       0       0       0
      Temps:          0       0       0       0       0       0       0
      Totals:         0       0       0       0       0       0       0
Total ram usage:        0 bytes
 Hardware stack levels used:    1
 Hardware stack levels required when called:    3
 This function calls:
		Nothing
 This function is called by:
		_I2C1_MasterTRBInsert
 This function uses a non-reentrant model


 *************** function _I2C1_MasterReadTRBBuild *****************
 Defined at:
		line 708 in file "mcc_generated_files/i2c1.c"
 Parameters:    Size  Location     Type
  ptrb            2    7[COMRAM] PTR struct .
		 -> I2C1_MasterRead@trBlock(5), 
  pdata           2    9[COMRAM] PTR unsigned char 
		 -> level(1), 
  length          1   11[COMRAM] unsigned char 
  address         2   12[COMRAM] unsigned short 
 Auto vars:     Size  Location     Type
		None
 Return value:  Size  Location     Type
                  1    wreg      void 
 Registers used:
		wreg, fsr2l, fsr2h, status,2, status,0
 Tracked objects:
		On entry : 
		On exit  : 
		Unchanged: 
 Data sizes:     COMRAM   BANK0   BANK1   BANK2   BANK3   BANK4   BANK5
      Params:         7       0       0       0       0       0       0
      Locals:         0       0       0       0       0       0       0
      Temps:          2       0       0       0       0       0       0
      Totals:         9       0       0       0       0       0       0
Total ram usage:        9 bytes
 Hardware stack levels used:    1
 Hardware stack levels required when called:    3
 This function calls:
		Nothing
 This function is called by:
		_I2C1_MasterRead
 This function uses a non-reentrant model


 *************** function _EUSART1_is_rx_ready *****************
 Defined at:
		line 98 in file "mcc_generated_files/eusart1.c"
 Parameters:    Size  Location     Type
		None
 Auto vars:     Size  Location     Type
		None
 Return value:  Size  Location     Type
                  1    wreg      _Bool 
 Registers used:
		wreg
 Tracked objects:
		On entry : 
		On exit  : 
		Unchanged: 
 Data sizes:     COMRAM   BANK0   BANK1   BANK2   BANK3   BANK4   BANK5
      Params:         0       0       0       0       0       0       0
      Locals:         0       0       0       0       0       0       0
      Temps:          0       0       0       0       0       0       0
      Totals:         0       0       0       0       0       0       0
Total ram usage:        0 bytes
 Hardware stack levels used:    1
 Hardware stack levels required when called:    3
 This function calls:
		Nothing
 This function is called by:
		_main
 This function uses a non-reentrant model


 *************** function _EUSART1_Read *****************
 Defined at:
		line 112 in file "mcc_generated_files/eusart1.c"
 Parameters:    Size  Location     Type
		None
 Auto vars:     Size  Location     Type
		None
 Return value:  Size  Location     Type
                  1    wreg      unsigned char 
 Registers used:
		wreg, status,2
 Tracked objects:
		On entry : 
		On exit  : 
		Unchanged: 
 Data sizes:     COMRAM   BANK0   BANK1   BANK2   BANK3   BANK4   BANK5
      Params:         0       0       0       0       0       0       0
      Locals:         0       0       0       0       0       0       0
      Temps:          0       0       0       0       0       0       0
      Totals:         0       0       0       0       0       0       0
Total ram usage:        0 bytes
 Hardware stack levels used:    1
 Hardware stack levels required when called:    3
 This function calls:
		Nothing
 This function is called by:
		_main
		_getch
 This function uses a non-reentrant model


 *************** function _INTERRUPT_InterruptManager *****************
 Defined at:
		line 58 in file "mcc_generated_files/interrupt_manager.c"
 Parameters:    Size  Location     Type
		None
 Auto vars:     Size  Location     Type
		None
 Return value:  Size  Location     Type
                  1    wreg      void 
 Registers used:
		wreg, fsr2l, fsr2h, status,2, status,0, cstack
 Tracked objects:
		On entry : 
		On exit  : 
		Unchanged: 
 Data sizes:     COMRAM   BANK0   BANK1   BANK2   BANK3   BANK4   BANK5
      Params:         0       0       0       0       0       0       0
      Locals:         0       0       0       0       0       0       0
      Temps:          2       0       0       0       0       0       0
      Totals:         2       0       0       0       0       0       0
Total ram usage:        2 bytes
 Hardware stack levels used:    1
 Hardware stack levels required when called:    2
 This function calls:
		_I2C1_BusCollisionISR
		_I2C1_ISR
 This function is called by:
		Interrupt level 2
 This function uses a non-reentrant model


 *************** function _I2C1_ISR *****************
 Defined at:
		line 235 in file "mcc_generated_files/i2c1.c"
 Parameters:    Size  Location     Type
		None
 Auto vars:     Size  Location     Type
		None
 Return value:  Size  Location     Type
                  1    wreg      void 
 Registers used:
		wreg, fsr2l, fsr2h, status,2, status,0, cstack
 Tracked objects:
		On entry : 
		On exit  : 
		Unchanged: 
 Data sizes:     COMRAM   BANK0   BANK1   BANK2   BANK3   BANK4   BANK5
      Params:         0       0       0       0       0       0       0
      Locals:         0       0       0       0       0       0       0
      Temps:          2       0       0       0       0       0       0
      Totals:         2       0       0       0       0       0       0
Total ram usage:        2 bytes
 Hardware stack levels used:    1
 Hardware stack levels required when called:    1
 This function calls:
		_I2C1_FunctionComplete
		_I2C1_Stop
 This function is called by:
		_INTERRUPT_InterruptManager
 This function uses a non-reentrant model


 *************** function _I2C1_Stop *****************
 Defined at:
		line 583 in file "mcc_generated_files/i2c1.c"
 Parameters:    Size  Location     Type
  completion_c    1    wreg     enum E5734
 Auto vars:     Size  Location     Type
  completion_c    1    2[COMRAM] enum E5734
 Return value:  Size  Location     Type
                  1    wreg      void 
 Registers used:
		wreg, fsr2l, fsr2h, status,2, status,0
 Tracked objects:
		On entry : 
		On exit  : 
		Unchanged: 
 Data sizes:     COMRAM   BANK0   BANK1   BANK2   BANK3   BANK4   BANK5
      Params:         0       0       0       0       0       0       0
      Locals:         1       0       0       0       0       0       0
      Temps:          2       0       0       0       0       0       0
      Totals:         3       0       0       0       0       0       0
Total ram usage:        3 bytes
 Hardware stack levels used:    1
 This function calls:
		Nothing
 This function is called by:
		_I2C1_ISR
 This function uses a non-reentrant model


 *************** function _I2C1_FunctionComplete *****************
 Defined at:
		line 565 in file "mcc_generated_files/i2c1.c"
 Parameters:    Size  Location     Type
		None
 Auto vars:     Size  Location     Type
		None
 Return value:  Size  Location     Type
                  1    wreg      void 
 Registers used:
		wreg, status,2, status,0
 Tracked objects:
		On entry : 
		On exit  : 
		Unchanged: 
 Data sizes:     COMRAM   BANK0   BANK1   BANK2   BANK3   BANK4   BANK5
      Params:         0       0       0       0       0       0       0
      Locals:         0       0       0       0       0       0       0
      Temps:          0       0       0       0       0       0       0
      Totals:         0       0       0       0       0       0       0
Total ram usage:        0 bytes
 Hardware stack levels used:    1
 This function calls:
		Nothing
 This function is called by:
		_I2C1_ISR
 This function uses a non-reentrant model


 *************** function _I2C1_BusCollisionISR *****************
 Defined at:
		line 742 in file "mcc_generated_files/i2c1.c"
 Parameters:    Size  Location     Type
		None
 Auto vars:     Size  Location     Type
		None
 Return value:  Size  Location     Type
                  1    wreg      void 
 Registers used:
		None
 Tracked objects:
		On entry : 
		On exit  : 
		Unchanged: 
 Data sizes:     COMRAM   BANK0   BANK1   BANK2   BANK3   BANK4   BANK5
      Params:         0       0       0       0       0       0       0
      Locals:         0       0       0       0       0       0       0
      Temps:          0       0       0       0       0       0       0
      Totals:         0       0       0       0       0       0       0
Total ram usage:        0 bytes
 Hardware stack levels used:    1
 This function calls:
		Nothing
 This function is called by:
		_INTERRUPT_InterruptManager
 This function uses a non-reentrant model



MODULE INFORMATION

Module		Function		Class		Link	Load	Size
mcc_generated_files/interrupt_manager.c
		_INTERRUPT_Initialize		CODE           	14BC	0000	5
		_INTERRUPT_InterruptManager		CODE           	0008	0000	49

mcc_generated_files/interrupt_manager.c estimated size: 54

C:\Program Files (x86)\Microchip\xc8\v2.05\pic\sources\c99\common\nf_fputc.c
		_fputc         		CODE           	0DFA	0000	161

C:\Program Files (x86)\Microchip\xc8\v2.05\pic\sources\c99\common\nf_fputc.c estimated size: 161

mcc_generated_files/i2c1.c
		_I2C1_BusCollisionISR		CODE           	14C0	0000	5
		_I2C1_MasterRead		CODE           	11B4	0000	77
		_I2C1_FunctionComplete		CODE           	1420	0000	27
		_I2C1_MasterWriteTRBBuild		CODE           	1200	0000	69
		_I2C1_ISR      		CODE           	041C	0000	589
		_I2C1_MasterWrite		CODE           	1168	0000	77
		_I2C1_Initialize		CODE           	1332	0000	53
		_I2C1_Stop     		CODE           	1284	0000	65
		_I2C1_MasterReadTRBBuild		CODE           	1118	0000	81
		_I2C1_WaitForLastPacketToComplete		CODE           	14B4	0000	9
		_I2C1_MasterTRBInsert		CODE           	0E9A	0000	159

mcc_generated_files/i2c1.c estimated size: 1211

mcc_generated_files/pin_manager.c
		_PIN_MANAGER_Initialize		CODE           	13CA	0000	45

mcc_generated_files/pin_manager.c estimated size: 45

C:\Program Files (x86)\Microchip\xc8\v2.05\pic\sources\c99\common\aodiv.c
		___aodiv       		CODE           	0A94	0000	329

C:\Program Files (x86)\Microchip\xc8\v2.05\pic\sources\c99\common\aodiv.c estimated size: 329

C:\Program Files (x86)\Microchip\xc8\v2.05\pic\sources\c99\common\strlen.c
		_strlen        		CODE           	13F6	0000	43

C:\Program Files (x86)\Microchip\xc8\v2.05\pic\sources\c99\common\strlen.c estimated size: 43

C:\Program Files (x86)\Microchip\xc8\v2.05\pic\sources\c99\common\doprnt.c
		_vfpfcnvrt     		CODE           	08AC	0000	489
		_pad           		CODE           	0F38	0000	151
		_ctoa          		CODE           	10C8	0000	81
		_dtoa          		CODE           	0668	0000	581
		_vfprintf      		CODE           	0FCE	0000	87

C:\Program Files (x86)\Microchip\xc8\v2.05\pic\sources\c99\common\doprnt.c estimated size: 1389

shared
		__initialization		CODE           	1366	0000	37

shared estimated size: 37

mcc_generated_files/eusart1.c
		_EUSART1_is_rx_ready		CODE           	1480	0000	13
		_EUSART1_Initialize		CODE           	1244	0000	65
		_putch         		CODE           	148C	0000	11
		_EUSART1_SetFramingErrorHandler		CODE           	14A0	0000	11
		_EUSART1_Read  		CODE           	1450	0000	23
		_EUSART1_SetOverrunErrorHandler		CODE           	1496	0000	11
		_EUSART1_SetErrorHandler		CODE           	14AA	0000	11
		_EUSART1_Write 		CODE           	1474	0000	13

mcc_generated_files/eusart1.c estimated size: 158

mcc_generated_files/mcc.c
		_OSCILLATOR_Initialize		CODE           	1466	0000	15
		_SYSTEM_Initialize		CODE           	143A	0000	23

mcc_generated_files/mcc.c estimated size: 38

C:\Program Files (x86)\Microchip\xc8\v2.05\pic\sources\c99\common\nf_sprintf.c
		_sprintf       		CODE           	1024	0000	83

C:\Program Files (x86)\Microchip\xc8\v2.05\pic\sources\c99\common\nf_sprintf.c estimated size: 83

C:\Program Files (x86)\Microchip\xc8\v2.05\pic\sources\c99\common\abs.c
		_abs           		CODE           	1398	0000	51

C:\Program Files (x86)\Microchip\xc8\v2.05\pic\sources\c99\common\abs.c estimated size: 51

C:\Program Files (x86)\Microchip\xc8\v2.05\pic\sources\c99\common\nf_fputs.c
		_fputs         		CODE           	12C4	0000	57

C:\Program Files (x86)\Microchip\xc8\v2.05\pic\sources\c99\common\nf_fputs.c estimated size: 57

main.c
		_statusReport  		CODE           	0D00	0000	251
		_SRAM          		CODE           	12FC	0000	55
		_main          		CODE           	003C	0000	993
		_sendString    		CODE           	1076	0000	83

main.c estimated size: 1382

C:\Program Files (x86)\Microchip\xc8\v2.05\pic\sources\c99\common\aomod.c
		___aomod       		CODE           	0BDC	0000	293

C:\Program Files (x86)\Microchip\xc8\v2.05\pic\sources\c99\common\aomod.c estimated size: 293

